running develop
Removing /home/myat/hex_ws/install/hexapod_control/lib/python3.10/site-packages/hexapod-control.egg-link (link to .)
running egg_info
writing ../../build/hexapod_control/hexapod_control.egg-info/PKG-INFO
writing dependency_links to ../../build/hexapod_control/hexapod_control.egg-info/dependency_links.txt
writing entry points to ../../build/hexapod_control/hexapod_control.egg-info/entry_points.txt
writing requirements to ../../build/hexapod_control/hexapod_control.egg-info/requires.txt
writing top-level names to ../../build/hexapod_control/hexapod_control.egg-info/top_level.txt
reading manifest file '../../build/hexapod_control/hexapod_control.egg-info/SOURCES.txt'
writing manifest file '../../build/hexapod_control/hexapod_control.egg-info/SOURCES.txt'
running build
running build_py
running install
running install_lib
creating /home/myat/hex_ws/install/hexapod_control/lib/python3.10/site-packages/hexapod_control
copying /home/myat/hex_ws/build/hexapod_control/build/lib/hexapod_control/tripod_gait_node.py -> /home/myat/hex_ws/install/hexapod_control/lib/python3.10/site-packages/hexapod_control
copying /home/myat/hex_ws/build/hexapod_control/build/lib/hexapod_control/pd_tripod.py -> /home/myat/hex_ws/install/hexapod_control/lib/python3.10/site-packages/hexapod_control
copying /home/myat/hex_ws/build/hexapod_control/build/lib/hexapod_control/__init__.py -> /home/myat/hex_ws/install/hexapod_control/lib/python3.10/site-packages/hexapod_control
byte-compiling /home/myat/hex_ws/install/hexapod_control/lib/python3.10/site-packages/hexapod_control/tripod_gait_node.py to tripod_gait_node.cpython-310.pyc
byte-compiling /home/myat/hex_ws/install/hexapod_control/lib/python3.10/site-packages/hexapod_control/pd_tripod.py to pd_tripod.cpython-310.pyc
byte-compiling /home/myat/hex_ws/install/hexapod_control/lib/python3.10/site-packages/hexapod_control/__init__.py to __init__.cpython-310.pyc
running install_data
copying resource/hexapod_control -> /home/myat/hex_ws/install/hexapod_control/share/ament_index/resource_index/packages
copying package.xml -> /home/myat/hex_ws/install/hexapod_control/share/hexapod_control
copying launch/spawn_hexapod_gz.launch.py -> /home/myat/hex_ws/install/hexapod_control/share/hexapod_control/launch
copying launch/tripod_control.launch.py -> /home/myat/hex_ws/install/hexapod_control/share/hexapod_control/launch
copying config/controllers.yaml -> /home/myat/hex_ws/install/hexapod_control/share/hexapod_control/config
running install_egg_info
Copying ../../build/hexapod_control/hexapod_control.egg-info to /home/myat/hex_ws/install/hexapod_control/lib/python3.10/site-packages/hexapod_control-0.0.0-py3.10.egg-info
running install_scripts
Installing tripod_gait_node script to /home/myat/hex_ws/install/hexapod_control/lib/hexapod_control
writing list of installed files to '/home/myat/hex_ws/build/hexapod_control/install.log'
