[0.142s] [34mcolcon[0m [1;30mDEBUG[0m [32mCommand line arguments: ['/usr/bin/colcon', 'build', '--symlink-install'][0m
[0.142s] [34mcolcon[0m [1;30mDEBUG[0m [32mParsed command line arguments: Namespace(log_base=None, log_level=None, verb_name='build', build_base='build', install_base='install', merge_install=False, symlink_install=True, test_result_base=None, continue_on_error=False, executor='parallel', parallel_workers=12, event_handlers=None, ignore_user_meta=False, metas=['./colcon.meta'], base_paths=['.'], packages_ignore=None, packages_ignore_regex=None, paths=None, packages_up_to=None, packages_up_to_regex=None, packages_above=None, packages_above_and_dependencies=None, packages_above_depth=None, packages_select_by_dep=None, packages_skip_by_dep=None, packages_skip_up_to=None, packages_select_build_failed=False, packages_skip_build_finished=False, packages_select_test_failures=False, packages_skip_test_passed=False, packages_select=None, packages_skip=None, packages_select_regex=None, packages_skip_regex=None, packages_start=None, packages_end=None, allow_overriding=[], cmake_args=None, cmake_target=None, cmake_target_skip_unavailable=False, cmake_clean_cache=False, cmake_clean_first=False, cmake_force_configure=False, ament_cmake_args=None, catkin_cmake_args=None, catkin_skip_building_tests=False, mixin_files=None, mixin=None, verb_parser=<colcon_mixin.mixin.mixin_argument.MixinArgumentDecorator object at 0x7a071f3bb880>, verb_extension=<colcon_core.verb.build.BuildVerb object at 0x7a071f553b50>, main=<bound method BuildVerb.main of <colcon_core.verb.build.BuildVerb object at 0x7a071f553b50>>, mixin_verb=('build',))[0m
[0.359s] [34mcolcon.colcon_core.package_discovery[0m [1;30mLevel 1[0m discover_packages(colcon_meta) check parameters
[0.360s] [34mcolcon.colcon_core.package_discovery[0m [1;30mLevel 1[0m discover_packages(recursive) check parameters
[0.360s] [34mcolcon.colcon_core.package_discovery[0m [1;30mLevel 1[0m discover_packages(ignore) check parameters
[0.360s] [34mcolcon.colcon_core.package_discovery[0m [1;30mLevel 1[0m discover_packages(path) check parameters
[0.360s] [34mcolcon.colcon_core.package_discovery[0m [1;30mLevel 1[0m discover_packages(colcon_meta) discover
[0.360s] [34mcolcon.colcon_core.package_discovery[0m [1;30mLevel 1[0m discover_packages(recursive) discover
[0.360s] [34mcolcon.colcon_core.package_discovery[0m [1;30mINFO[0m Crawling recursively for packages in '/home/myat/hex_ws'
[0.360s] [34mcolcon.colcon_core.package_identification[0m [1;30mLevel 1[0m _identify(.) by extensions ['ignore', 'ignore_ament_install']
[0.360s] [34mcolcon.colcon_core.package_identification[0m [1;30mLevel 1[0m _identify(.) by extension 'ignore'
[0.360s] [34mcolcon.colcon_core.package_identification[0m [1;30mLevel 1[0m _identify(.) by extension 'ignore_ament_install'
[0.360s] [34mcolcon.colcon_core.package_identification[0m [1;30mLevel 1[0m _identify(.) by extensions ['colcon_pkg']
[0.360s] [34mcolcon.colcon_core.package_identification[0m [1;30mLevel 1[0m _identify(.) by extension 'colcon_pkg'
[0.360s] [34mcolcon.colcon_core.package_identification[0m [1;30mLevel 1[0m _identify(.) by extensions ['colcon_meta']
[0.360s] [34mcolcon.colcon_core.package_identification[0m [1;30mLevel 1[0m _identify(.) by extension 'colcon_meta'
[0.360s] [34mcolcon.colcon_core.package_identification[0m [1;30mLevel 1[0m _identify(.) by extensions ['ros']
[0.360s] [34mcolcon.colcon_core.package_identification[0m [1;30mLevel 1[0m _identify(.) by extension 'ros'
[0.371s] [34mcolcon.colcon_core.package_identification[0m [1;30mLevel 1[0m _identify(.) by extensions ['cmake', 'python']
[0.372s] [34mcolcon.colcon_core.package_identification[0m [1;30mLevel 1[0m _identify(.) by extension 'cmake'
[0.372s] [34mcolcon.colcon_core.package_identification[0m [1;30mLevel 1[0m _identify(.) by extension 'python'
[0.372s] [34mcolcon.colcon_core.package_identification[0m [1;30mLevel 1[0m _identify(.) by extensions ['python_setup_py']
[0.372s] [34mcolcon.colcon_core.package_identification[0m [1;30mLevel 1[0m _identify(.) by extension 'python_setup_py'
[0.372s] [34mcolcon.colcon_core.package_identification[0m [1;30mLevel 1[0m _identify(build) by extensions ['ignore', 'ignore_ament_install']
[0.372s] [34mcolcon.colcon_core.package_identification[0m [1;30mLevel 1[0m _identify(build) by extension 'ignore'
[0.372s] [34mcolcon.colcon_core.package_identification[0m [1;30mLevel 1[0m _identify(build) ignored
[0.372s] [34mcolcon.colcon_core.package_identification[0m [1;30mLevel 1[0m _identify(install) by extensions ['ignore', 'ignore_ament_install']
[0.372s] [34mcolcon.colcon_core.package_identification[0m [1;30mLevel 1[0m _identify(install) by extension 'ignore'
[0.372s] [34mcolcon.colcon_core.package_identification[0m [1;30mLevel 1[0m _identify(install) ignored
[0.372s] [34mcolcon.colcon_core.package_identification[0m [1;30mLevel 1[0m _identify(log) by extensions ['ignore', 'ignore_ament_install']
[0.373s] [34mcolcon.colcon_core.package_identification[0m [1;30mLevel 1[0m _identify(log) by extension 'ignore'
[0.373s] [34mcolcon.colcon_core.package_identification[0m [1;30mLevel 1[0m _identify(log) ignored
[0.373s] [34mcolcon.colcon_core.package_identification[0m [1;30mLevel 1[0m _identify(src) by extensions ['ignore', 'ignore_ament_install']
[0.373s] [34mcolcon.colcon_core.package_identification[0m [1;30mLevel 1[0m _identify(src) by extension 'ignore'
[0.373s] [34mcolcon.colcon_core.package_identification[0m [1;30mLevel 1[0m _identify(src) by extension 'ignore_ament_install'
[0.373s] [34mcolcon.colcon_core.package_identification[0m [1;30mLevel 1[0m _identify(src) by extensions ['colcon_pkg']
[0.373s] [34mcolcon.colcon_core.package_identification[0m [1;30mLevel 1[0m _identify(src) by extension 'colcon_pkg'
[0.373s] [34mcolcon.colcon_core.package_identification[0m [1;30mLevel 1[0m _identify(src) by extensions ['colcon_meta']
[0.373s] [34mcolcon.colcon_core.package_identification[0m [1;30mLevel 1[0m _identify(src) by extension 'colcon_meta'
[0.373s] [34mcolcon.colcon_core.package_identification[0m [1;30mLevel 1[0m _identify(src) by extensions ['ros']
[0.373s] [34mcolcon.colcon_core.package_identification[0m [1;30mLevel 1[0m _identify(src) by extension 'ros'
[0.373s] [34mcolcon.colcon_core.package_identification[0m [1;30mLevel 1[0m _identify(src) by extensions ['cmake', 'python']
[0.373s] [34mcolcon.colcon_core.package_identification[0m [1;30mLevel 1[0m _identify(src) by extension 'cmake'
[0.373s] [34mcolcon.colcon_core.package_identification[0m [1;30mLevel 1[0m _identify(src) by extension 'python'
[0.373s] [34mcolcon.colcon_core.package_identification[0m [1;30mLevel 1[0m _identify(src) by extensions ['python_setup_py']
[0.373s] [34mcolcon.colcon_core.package_identification[0m [1;30mLevel 1[0m _identify(src) by extension 'python_setup_py'
[0.373s] [34mcolcon.colcon_core.package_identification[0m [1;30mLevel 1[0m _identify(src/hexapod_control) by extensions ['ignore', 'ignore_ament_install']
[0.373s] [34mcolcon.colcon_core.package_identification[0m [1;30mLevel 1[0m _identify(src/hexapod_control) by extension 'ignore'
[0.373s] [34mcolcon.colcon_core.package_identification[0m [1;30mLevel 1[0m _identify(src/hexapod_control) by extension 'ignore_ament_install'
[0.373s] [34mcolcon.colcon_core.package_identification[0m [1;30mLevel 1[0m _identify(src/hexapod_control) by extensions ['colcon_pkg']
[0.373s] [34mcolcon.colcon_core.package_identification[0m [1;30mLevel 1[0m _identify(src/hexapod_control) by extension 'colcon_pkg'
[0.373s] [34mcolcon.colcon_core.package_identification[0m [1;30mLevel 1[0m _identify(src/hexapod_control) by extensions ['colcon_meta']
[0.373s] [34mcolcon.colcon_core.package_identification[0m [1;30mLevel 1[0m _identify(src/hexapod_control) by extension 'colcon_meta'
[0.374s] [34mcolcon.colcon_core.package_identification[0m [1;30mLevel 1[0m _identify(src/hexapod_control) by extensions ['ros']
[0.374s] [34mcolcon.colcon_core.package_identification[0m [1;30mLevel 1[0m _identify(src/hexapod_control) by extension 'ros'
[0.376s] [34mcolcon.colcon_core.package_identification[0m [1;30mDEBUG[0m [32mPackage 'src/hexapod_control' with type 'ros.ament_python' and name 'hexapod_control'[0m
[0.376s] [34mcolcon.colcon_core.package_identification[0m [1;30mLevel 1[0m _identify(src/hexapod_description) by extensions ['ignore', 'ignore_ament_install']
[0.376s] [34mcolcon.colcon_core.package_identification[0m [1;30mLevel 1[0m _identify(src/hexapod_description) by extension 'ignore'
[0.376s] [34mcolcon.colcon_core.package_identification[0m [1;30mLevel 1[0m _identify(src/hexapod_description) by extension 'ignore_ament_install'
[0.376s] [34mcolcon.colcon_core.package_identification[0m [1;30mLevel 1[0m _identify(src/hexapod_description) by extensions ['colcon_pkg']
[0.376s] [34mcolcon.colcon_core.package_identification[0m [1;30mLevel 1[0m _identify(src/hexapod_description) by extension 'colcon_pkg'
[0.376s] [34mcolcon.colcon_core.package_identification[0m [1;30mLevel 1[0m _identify(src/hexapod_description) by extensions ['colcon_meta']
[0.376s] [34mcolcon.colcon_core.package_identification[0m [1;30mLevel 1[0m _identify(src/hexapod_description) by extension 'colcon_meta'
[0.376s] [34mcolcon.colcon_core.package_identification[0m [1;30mLevel 1[0m _identify(src/hexapod_description) by extensions ['ros']
[0.376s] [34mcolcon.colcon_core.package_identification[0m [1;30mLevel 1[0m _identify(src/hexapod_description) by extension 'ros'
[0.377s] [34mcolcon.colcon_core.package_identification[0m [1;30mDEBUG[0m [32mPackage 'src/hexapod_description' with type 'ros.ament_python' and name 'hexapod_description'[0m
[0.377s] [34mcolcon.colcon_core.package_discovery[0m [1;30mLevel 1[0m discover_packages(recursive) using defaults
[0.377s] [34mcolcon.colcon_core.package_discovery[0m [1;30mLevel 1[0m discover_packages(ignore) discover
[0.377s] [34mcolcon.colcon_core.package_discovery[0m [1;30mLevel 1[0m discover_packages(ignore) using defaults
[0.377s] [34mcolcon.colcon_core.package_discovery[0m [1;30mLevel 1[0m discover_packages(path) discover
[0.377s] [34mcolcon.colcon_core.package_discovery[0m [1;30mLevel 1[0m discover_packages(path) using defaults
[0.390s] [34mcolcon.colcon_core.package_discovery[0m [1;30mLevel 1[0m discover_packages(prefix_path) check parameters
[0.390s] [34mcolcon.colcon_core.package_discovery[0m [1;30mLevel 1[0m discover_packages(prefix_path) discover
[0.391s] [34mcolcon.colcon_installed_package_information.package_discovery[0m [1;30mDEBUG[0m [32mFound 6 installed packages in /home/myat/my_ws/install[0m
[0.392s] [34mcolcon.colcon_installed_package_information.package_discovery[0m [1;30mDEBUG[0m [32mFound 5 installed packages in /home/myat/my_uav/install[0m
[0.392s] [34mcolcon.colcon_installed_package_information.package_discovery[0m [1;30mDEBUG[0m [32mFound 2 installed packages in /home/myat/hex_ws/install[0m
[0.393s] [34mcolcon.colcon_installed_package_information.package_discovery[0m [1;30mDEBUG[0m [32mFound 369 installed packages in /opt/ros/humble[0m
[0.395s] [34mcolcon.colcon_core.package_discovery[0m [1;30mLevel 1[0m discover_packages(prefix_path) using defaults
[0.431s] [34mcolcon.colcon_core.verb[0m [1;30mLevel 5[0m set package 'hexapod_control' build argument 'cmake_args' from command line to 'None'
[0.431s] [34mcolcon.colcon_core.verb[0m [1;30mLevel 5[0m set package 'hexapod_control' build argument 'cmake_target' from command line to 'None'
[0.431s] [34mcolcon.colcon_core.verb[0m [1;30mLevel 5[0m set package 'hexapod_control' build argument 'cmake_target_skip_unavailable' from command line to 'False'
[0.432s] [34mcolcon.colcon_core.verb[0m [1;30mLevel 5[0m set package 'hexapod_control' build argument 'cmake_clean_cache' from command line to 'False'
[0.432s] [34mcolcon.colcon_core.verb[0m [1;30mLevel 5[0m set package 'hexapod_control' build argument 'cmake_clean_first' from command line to 'False'
[0.432s] [34mcolcon.colcon_core.verb[0m [1;30mLevel 5[0m set package 'hexapod_control' build argument 'cmake_force_configure' from command line to 'False'
[0.432s] [34mcolcon.colcon_core.verb[0m [1;30mLevel 5[0m set package 'hexapod_control' build argument 'ament_cmake_args' from command line to 'None'
[0.432s] [34mcolcon.colcon_core.verb[0m [1;30mLevel 5[0m set package 'hexapod_control' build argument 'catkin_cmake_args' from command line to 'None'
[0.432s] [34mcolcon.colcon_core.verb[0m [1;30mLevel 5[0m set package 'hexapod_control' build argument 'catkin_skip_building_tests' from command line to 'False'
[0.432s] [34mcolcon.colcon_core.verb[0m [1;30mDEBUG[0m [32mBuilding package 'hexapod_control' with the following arguments: {'ament_cmake_args': None, 'build_base': '/home/myat/hex_ws/build/hexapod_control', 'catkin_cmake_args': None, 'catkin_skip_building_tests': False, 'cmake_args': None, 'cmake_clean_cache': False, 'cmake_clean_first': False, 'cmake_force_configure': False, 'cmake_target': None, 'cmake_target_skip_unavailable': False, 'install_base': '/home/myat/hex_ws/install/hexapod_control', 'merge_install': False, 'path': '/home/myat/hex_ws/src/hexapod_control', 'symlink_install': True, 'test_result_base': None}[0m
[0.432s] [34mcolcon.colcon_core.verb[0m [1;30mLevel 5[0m set package 'hexapod_description' build argument 'cmake_args' from command line to 'None'
[0.432s] [34mcolcon.colcon_core.verb[0m [1;30mLevel 5[0m set package 'hexapod_description' build argument 'cmake_target' from command line to 'None'
[0.432s] [34mcolcon.colcon_core.verb[0m [1;30mLevel 5[0m set package 'hexapod_description' build argument 'cmake_target_skip_unavailable' from command line to 'False'
[0.432s] [34mcolcon.colcon_core.verb[0m [1;30mLevel 5[0m set package 'hexapod_description' build argument 'cmake_clean_cache' from command line to 'False'
[0.432s] [34mcolcon.colcon_core.verb[0m [1;30mLevel 5[0m set package 'hexapod_description' build argument 'cmake_clean_first' from command line to 'False'
[0.432s] [34mcolcon.colcon_core.verb[0m [1;30mLevel 5[0m set package 'hexapod_description' build argument 'cmake_force_configure' from command line to 'False'
[0.432s] [34mcolcon.colcon_core.verb[0m [1;30mLevel 5[0m set package 'hexapod_description' build argument 'ament_cmake_args' from command line to 'None'
[0.432s] [34mcolcon.colcon_core.verb[0m [1;30mLevel 5[0m set package 'hexapod_description' build argument 'catkin_cmake_args' from command line to 'None'
[0.432s] [34mcolcon.colcon_core.verb[0m [1;30mLevel 5[0m set package 'hexapod_description' build argument 'catkin_skip_building_tests' from command line to 'False'
[0.432s] [34mcolcon.colcon_core.verb[0m [1;30mDEBUG[0m [32mBuilding package 'hexapod_description' with the following arguments: {'ament_cmake_args': None, 'build_base': '/home/myat/hex_ws/build/hexapod_description', 'catkin_cmake_args': None, 'catkin_skip_building_tests': False, 'cmake_args': None, 'cmake_clean_cache': False, 'cmake_clean_first': False, 'cmake_force_configure': False, 'cmake_target': None, 'cmake_target_skip_unavailable': False, 'install_base': '/home/myat/hex_ws/install/hexapod_description', 'merge_install': False, 'path': '/home/myat/hex_ws/src/hexapod_description', 'symlink_install': True, 'test_result_base': None}[0m
[0.432s] [34mcolcon.colcon_core.executor[0m [1;30mINFO[0m Executing jobs using 'parallel' executor
[0.433s] [34mcolcon.colcon_parallel_executor.executor.parallel[0m [1;30mDEBUG[0m [32mrun_until_complete[0m
[0.434s] [34mcolcon.colcon_ros.task.ament_python.build[0m [1;30mINFO[0m Building ROS package in '/home/myat/hex_ws/src/hexapod_control' with build type 'ament_python'
[0.434s] [34mcolcon.colcon_core.shell[0m [1;30mLevel 1[0m create_environment_hook('hexapod_control', 'ament_prefix_path')
[0.435s] [34mcolcon.colcon_core.plugin_system[0m [1;30mINFO[0m Skipping extension 'colcon_core.shell.bat': Not used on non-Windows systems
[0.436s] [34mcolcon.colcon_core.shell[0m [1;30mINFO[0m Creating environment hook '/home/myat/hex_ws/install/hexapod_control/share/hexapod_control/hook/ament_prefix_path.ps1'
[0.436s] [34mcolcon.colcon_core.shell[0m [1;30mINFO[0m Creating environment descriptor '/home/myat/hex_ws/install/hexapod_control/share/hexapod_control/hook/ament_prefix_path.dsv'
[0.437s] [34mcolcon.colcon_core.shell[0m [1;30mINFO[0m Creating environment hook '/home/myat/hex_ws/install/hexapod_control/share/hexapod_control/hook/ament_prefix_path.sh'
[0.437s] [34mcolcon.colcon_core.shell[0m [1;30mINFO[0m Skip shell extension 'powershell' for command environment: Not usable outside of PowerShell
[0.437s] [34mcolcon.colcon_core.shell[0m [1;30mDEBUG[0m [32mSkip shell extension 'dsv' for command environment[0m
[0.442s] [34mcolcon.colcon_ros.task.ament_python.build[0m [1;30mINFO[0m Building ROS package in '/home/myat/hex_ws/src/hexapod_description' with build type 'ament_python'
[0.442s] [34mcolcon.colcon_core.shell[0m [1;30mLevel 1[0m create_environment_hook('hexapod_description', 'ament_prefix_path')
[0.442s] [34mcolcon.colcon_core.shell[0m [1;30mINFO[0m Creating environment hook '/home/myat/hex_ws/install/hexapod_description/share/hexapod_description/hook/ament_prefix_path.ps1'
[0.442s] [34mcolcon.colcon_core.shell[0m [1;30mINFO[0m Creating environment descriptor '/home/myat/hex_ws/install/hexapod_description/share/hexapod_description/hook/ament_prefix_path.dsv'
[0.443s] [34mcolcon.colcon_core.shell[0m [1;30mINFO[0m Creating environment hook '/home/myat/hex_ws/install/hexapod_description/share/hexapod_description/hook/ament_prefix_path.sh'
[0.443s] [34mcolcon.colcon_core.shell[0m [1;30mINFO[0m Skip shell extension 'powershell' for command environment: Not usable outside of PowerShell
[0.443s] [34mcolcon.colcon_core.shell[0m [1;30mDEBUG[0m [32mSkip shell extension 'dsv' for command environment[0m
[0.749s] [34mcolcon.colcon_core.task.python.build[0m [1;30mINFO[0m Building Python package in '/home/myat/hex_ws/src/hexapod_control'
[0.750s] [34mcolcon.colcon_core.shell[0m [1;30mINFO[0m Skip shell extension 'powershell' for command environment: Not usable outside of PowerShell
[0.750s] [34mcolcon.colcon_core.shell[0m [1;30mDEBUG[0m [32mSkip shell extension 'dsv' for command environment[0m
[1.054s] [34mcolcon.colcon_core.task.python.build[0m [1;30mINFO[0m Building Python package in '/home/myat/hex_ws/src/hexapod_description'
[1.055s] [34mcolcon.colcon_core.shell[0m [1;30mINFO[0m Skip shell extension 'powershell' for command environment: Not usable outside of PowerShell
[1.055s] [34mcolcon.colcon_core.shell[0m [1;30mDEBUG[0m [32mSkip shell extension 'dsv' for command environment[0m
[1.575s] [34mcolcon.colcon_core.task.python.build[0m [1;30mDEBUG[0m [32mWhile undoing a previous installation files outside the Python library path are being ignored: /home/myat/hex_ws/install/hexapod_control/share/ament_index/resource_index/packages/hexapod_control[0m
[1.575s] [34mcolcon.colcon_core.task.python.build[0m [1;30mDEBUG[0m [32mWhile undoing a previous installation files outside the Python library path are being ignored: /home/myat/hex_ws/install/hexapod_control/share/hexapod_control/package.xml[0m
[1.575s] [34mcolcon.colcon_core.task.python.build[0m [1;30mDEBUG[0m [32mWhile undoing a previous installation files outside the Python library path are being ignored: /home/myat/hex_ws/install/hexapod_control/share/hexapod_control/launch/spawn_hexapod_gz.launch.py[0m
[1.575s] [34mcolcon.colcon_core.task.python.build[0m [1;30mDEBUG[0m [32mWhile undoing a previous installation files outside the Python library path are being ignored: /home/myat/hex_ws/install/hexapod_control/share/hexapod_control/launch/tripod_control.launch.py[0m
[1.575s] [34mcolcon.colcon_core.task.python.build[0m [1;30mDEBUG[0m [32mWhile undoing a previous installation files outside the Python library path are being ignored: /home/myat/hex_ws/install/hexapod_control/share/hexapod_control/config/controllers.yaml[0m
[1.575s] [34mcolcon.colcon_core.task.python.build[0m [1;30mDEBUG[0m [32mWhile undoing a previous installation files outside the Python library path are being ignored: /home/myat/hex_ws/install/hexapod_control/lib/hexapod_control/hopf_cpg_tripod_node[0m
[1.575s] [34mcolcon.colcon_core.task.python.build[0m [1;30mDEBUG[0m [32mWhile undoing a previous installation files outside the Python library path are being ignored: /home/myat/hex_ws/install/hexapod_control/lib/hexapod_control/tripod_gait_node[0m
[1.577s] [34mcolcon.colcon_core.event_handler.log_command[0m [1;30mDEBUG[0m [32mInvoking command in '/home/myat/hex_ws/build/hexapod_control': PYTHONPATH=/home/myat/hex_ws/build/hexapod_control/prefix_override:/usr/lib/python3/dist-packages/colcon_core/task/python/colcon_distutils_commands:/home/myat/hex_ws/install/hexapod_control/lib/python3.10/site-packages:${PYTHONPATH} /usr/bin/python3 -W ignore:setup.py install is deprecated -W ignore:easy_install command is deprecated setup.py develop --editable --build-directory /home/myat/hex_ws/build/hexapod_control/build --no-deps symlink_data --force[0m
[1.579s] [34mcolcon.colcon_core.task.python.build[0m [1;30mDEBUG[0m [32mWhile undoing a previous installation files outside the Python library path are being ignored: /home/myat/hex_ws/install/hexapod_description/share/ament_index/resource_index/packages/hexapod_description[0m
[1.579s] [34mcolcon.colcon_core.task.python.build[0m [1;30mDEBUG[0m [32mWhile undoing a previous installation files outside the Python library path are being ignored: /home/myat/hex_ws/install/hexapod_description/share/hexapod_description/package.xml[0m
[1.579s] [34mcolcon.colcon_core.task.python.build[0m [1;30mDEBUG[0m [32mWhile undoing a previous installation files outside the Python library path are being ignored: /home/myat/hex_ws/install/hexapod_description/share/hexapod_description/urdf/hexapod.urdf[0m
[1.579s] [34mcolcon.colcon_core.task.python.build[0m [1;30mDEBUG[0m [32mWhile undoing a previous installation files outside the Python library path are being ignored: /home/myat/hex_ws/install/hexapod_description/share/hexapod_description/world/default.sdf[0m
[1.579s] [34mcolcon.colcon_core.task.python.build[0m [1;30mDEBUG[0m [32mWhile undoing a previous installation files outside the Python library path are being ignored: /home/myat/hex_ws/install/hexapod_description/share/hexapod_description/config/controllers.yaml[0m
[1.581s] [34mcolcon.colcon_core.event_handler.log_command[0m [1;30mDEBUG[0m [32mInvoking command in '/home/myat/hex_ws/build/hexapod_description': PYTHONPATH=/home/myat/hex_ws/build/hexapod_description/prefix_override:/usr/lib/python3/dist-packages/colcon_core/task/python/colcon_distutils_commands:/home/myat/hex_ws/install/hexapod_description/lib/python3.10/site-packages:${PYTHONPATH} /usr/bin/python3 -W ignore:setup.py install is deprecated -W ignore:easy_install command is deprecated setup.py develop --editable --build-directory /home/myat/hex_ws/build/hexapod_description/build --no-deps symlink_data --force[0m
[2.157s] [34mcolcon.colcon_core.shell[0m [1;30mLevel 1[0m create_environment_hook('hexapod_description', 'pythonpath_develop')
[2.158s] [34mcolcon.colcon_core.shell[0m [1;30mINFO[0m Creating environment hook '/home/myat/hex_ws/build/hexapod_description/share/hexapod_description/hook/pythonpath_develop.ps1'
[2.159s] [34mcolcon.colcon_core.event_handler.log_command[0m [1;30mDEBUG[0m [32mInvoked command in '/home/myat/hex_ws/build/hexapod_description' returned '0': PYTHONPATH=/home/myat/hex_ws/build/hexapod_description/prefix_override:/usr/lib/python3/dist-packages/colcon_core/task/python/colcon_distutils_commands:/home/myat/hex_ws/install/hexapod_description/lib/python3.10/site-packages:${PYTHONPATH} /usr/bin/python3 -W ignore:setup.py install is deprecated -W ignore:easy_install command is deprecated setup.py develop --editable --build-directory /home/myat/hex_ws/build/hexapod_description/build --no-deps symlink_data --force[0m
[2.159s] [34mcolcon.colcon_core.shell[0m [1;30mINFO[0m Creating environment descriptor '/home/myat/hex_ws/build/hexapod_description/share/hexapod_description/hook/pythonpath_develop.dsv'
[2.159s] [34mcolcon.colcon_core.shell[0m [1;30mINFO[0m Creating environment hook '/home/myat/hex_ws/build/hexapod_description/share/hexapod_description/hook/pythonpath_develop.sh'
[2.162s] [34mcolcon.colcon_core.environment[0m [1;30mLevel 1[0m checking '/home/myat/hex_ws/install/hexapod_description' for CMake module files
[2.163s] [34mcolcon.colcon_core.environment[0m [1;30mLevel 1[0m checking '/home/myat/hex_ws/install/hexapod_description' for CMake config files
[2.164s] [34mcolcon.colcon_core.environment[0m [1;30mLevel 1[0m checking '/home/myat/hex_ws/install/hexapod_description/lib'
[2.164s] [34mcolcon.colcon_core.environment[0m [1;30mLevel 1[0m checking '/home/myat/hex_ws/install/hexapod_description/bin'
[2.164s] [34mcolcon.colcon_core.environment[0m [1;30mLevel 1[0m checking '/home/myat/hex_ws/install/hexapod_description/lib/pkgconfig/hexapod_description.pc'
[2.164s] [34mcolcon.colcon_core.environment[0m [1;30mLevel 1[0m checking '/home/myat/hex_ws/install/hexapod_description/lib/python3.10/site-packages'
[2.164s] [34mcolcon.colcon_core.shell[0m [1;30mLevel 1[0m create_environment_hook('hexapod_description', 'pythonpath')
[2.165s] [34mcolcon.colcon_core.shell[0m [1;30mINFO[0m Creating environment hook '/home/myat/hex_ws/install/hexapod_description/share/hexapod_description/hook/pythonpath.ps1'
[2.165s] [34mcolcon.colcon_core.shell[0m [1;30mINFO[0m Creating environment descriptor '/home/myat/hex_ws/install/hexapod_description/share/hexapod_description/hook/pythonpath.dsv'
[2.166s] [34mcolcon.colcon_core.shell[0m [1;30mINFO[0m Creating environment hook '/home/myat/hex_ws/install/hexapod_description/share/hexapod_description/hook/pythonpath.sh'
[2.166s] [34mcolcon.colcon_core.environment[0m [1;30mLevel 1[0m checking '/home/myat/hex_ws/install/hexapod_description/bin'
[2.166s] [34mcolcon.colcon_core.environment[0m [1;30mLevel 1[0m create_environment_scripts_only(hexapod_description)
[2.166s] [34mcolcon.colcon_core.shell[0m [1;30mINFO[0m Creating package script '/home/myat/hex_ws/install/hexapod_description/share/hexapod_description/package.ps1'
[2.167s] [34mcolcon.colcon_core.shell[0m [1;30mINFO[0m Creating package descriptor '/home/myat/hex_ws/install/hexapod_description/share/hexapod_description/package.dsv'
[2.168s] [34mcolcon.colcon_core.shell[0m [1;30mINFO[0m Creating package script '/home/myat/hex_ws/install/hexapod_description/share/hexapod_description/package.sh'
[2.168s] [34mcolcon.colcon_core.shell[0m [1;30mINFO[0m Creating package script '/home/myat/hex_ws/install/hexapod_description/share/hexapod_description/package.bash'
[2.169s] [34mcolcon.colcon_core.shell[0m [1;30mINFO[0m Creating package script '/home/myat/hex_ws/install/hexapod_description/share/hexapod_description/package.zsh'
[2.169s] [34mcolcon.colcon_core.environment[0m [1;30mLevel 1[0m create_file_with_runtime_dependencies(/home/myat/hex_ws/install/hexapod_description/share/colcon-core/packages/hexapod_description)
[2.170s] [34mcolcon.colcon_core.shell[0m [1;30mLevel 1[0m create_environment_hook('hexapod_control', 'pythonpath_develop')
[2.170s] [34mcolcon.colcon_core.shell[0m [1;30mINFO[0m Creating environment hook '/home/myat/hex_ws/build/hexapod_control/share/hexapod_control/hook/pythonpath_develop.ps1'
[2.171s] [34mcolcon.colcon_core.event_handler.log_command[0m [1;30mDEBUG[0m [32mInvoked command in '/home/myat/hex_ws/build/hexapod_control' returned '0': PYTHONPATH=/home/myat/hex_ws/build/hexapod_control/prefix_override:/usr/lib/python3/dist-packages/colcon_core/task/python/colcon_distutils_commands:/home/myat/hex_ws/install/hexapod_control/lib/python3.10/site-packages:${PYTHONPATH} /usr/bin/python3 -W ignore:setup.py install is deprecated -W ignore:easy_install command is deprecated setup.py develop --editable --build-directory /home/myat/hex_ws/build/hexapod_control/build --no-deps symlink_data --force[0m
[2.171s] [34mcolcon.colcon_core.shell[0m [1;30mINFO[0m Creating environment descriptor '/home/myat/hex_ws/build/hexapod_control/share/hexapod_control/hook/pythonpath_develop.dsv'
[2.172s] [34mcolcon.colcon_core.shell[0m [1;30mINFO[0m Creating environment hook '/home/myat/hex_ws/build/hexapod_control/share/hexapod_control/hook/pythonpath_develop.sh'
[2.172s] [34mcolcon.colcon_core.environment[0m [1;30mLevel 1[0m checking '/home/myat/hex_ws/install/hexapod_control' for CMake module files
[2.173s] [34mcolcon.colcon_core.environment[0m [1;30mLevel 1[0m checking '/home/myat/hex_ws/install/hexapod_control' for CMake config files
[2.173s] [34mcolcon.colcon_core.environment[0m [1;30mLevel 1[0m checking '/home/myat/hex_ws/install/hexapod_control/lib'
[2.173s] [34mcolcon.colcon_core.environment[0m [1;30mLevel 1[0m checking '/home/myat/hex_ws/install/hexapod_control/bin'
[2.173s] [34mcolcon.colcon_core.environment[0m [1;30mLevel 1[0m checking '/home/myat/hex_ws/install/hexapod_control/lib/pkgconfig/hexapod_control.pc'
[2.174s] [34mcolcon.colcon_core.environment[0m [1;30mLevel 1[0m checking '/home/myat/hex_ws/install/hexapod_control/lib/python3.10/site-packages'
[2.174s] [34mcolcon.colcon_core.shell[0m [1;30mLevel 1[0m create_environment_hook('hexapod_control', 'pythonpath')
[2.174s] [34mcolcon.colcon_core.shell[0m [1;30mINFO[0m Creating environment hook '/home/myat/hex_ws/install/hexapod_control/share/hexapod_control/hook/pythonpath.ps1'
[2.174s] [34mcolcon.colcon_core.shell[0m [1;30mINFO[0m Creating environment descriptor '/home/myat/hex_ws/install/hexapod_control/share/hexapod_control/hook/pythonpath.dsv'
[2.174s] [34mcolcon.colcon_core.shell[0m [1;30mINFO[0m Creating environment hook '/home/myat/hex_ws/install/hexapod_control/share/hexapod_control/hook/pythonpath.sh'
[2.175s] [34mcolcon.colcon_core.environment[0m [1;30mLevel 1[0m checking '/home/myat/hex_ws/install/hexapod_control/bin'
[2.175s] [34mcolcon.colcon_core.environment[0m [1;30mLevel 1[0m create_environment_scripts_only(hexapod_control)
[2.175s] [34mcolcon.colcon_core.shell[0m [1;30mINFO[0m Creating package script '/home/myat/hex_ws/install/hexapod_control/share/hexapod_control/package.ps1'
[2.176s] [34mcolcon.colcon_core.shell[0m [1;30mINFO[0m Creating package descriptor '/home/myat/hex_ws/install/hexapod_control/share/hexapod_control/package.dsv'
[2.176s] [34mcolcon.colcon_core.shell[0m [1;30mINFO[0m Creating package script '/home/myat/hex_ws/install/hexapod_control/share/hexapod_control/package.sh'
[2.176s] [34mcolcon.colcon_core.shell[0m [1;30mINFO[0m Creating package script '/home/myat/hex_ws/install/hexapod_control/share/hexapod_control/package.bash'
[2.177s] [34mcolcon.colcon_core.shell[0m [1;30mINFO[0m Creating package script '/home/myat/hex_ws/install/hexapod_control/share/hexapod_control/package.zsh'
[2.177s] [34mcolcon.colcon_core.environment[0m [1;30mLevel 1[0m create_file_with_runtime_dependencies(/home/myat/hex_ws/install/hexapod_control/share/colcon-core/packages/hexapod_control)
[2.177s] [34mcolcon.colcon_parallel_executor.executor.parallel[0m [1;30mDEBUG[0m [32mclosing loop[0m
[2.178s] [34mcolcon.colcon_parallel_executor.executor.parallel[0m [1;30mDEBUG[0m [32mloop closed[0m
[2.178s] [34mcolcon.colcon_parallel_executor.executor.parallel[0m [1;30mDEBUG[0m [32mrun_until_complete finished with '0'[0m
[2.178s] [34mcolcon.colcon_core.event_reactor[0m [1;30mDEBUG[0m [32mjoining thread[0m
[2.182s] [34mcolcon.colcon_core.plugin_system[0m [1;30mINFO[0m Skipping extension 'colcon_notification.desktop_notification.terminal_notifier': Not used on non-Darwin systems
[2.182s] [34mcolcon.colcon_core.plugin_system[0m [1;30mINFO[0m Skipping extension 'colcon_notification.desktop_notification.win32': Not used on non-Windows systems
[2.182s] [34mcolcon.colcon_notification.desktop_notification[0m [1;30mINFO[0m Sending desktop notification using 'notify2'
[2.194s] [34mcolcon.colcon_core.event_reactor[0m [1;30mDEBUG[0m [32mjoined thread[0m
[2.195s] [34mcolcon.colcon_core.shell[0m [1;30mINFO[0m Creating prefix script '/home/myat/hex_ws/install/local_setup.ps1'
[2.196s] [34mcolcon.colcon_core.shell[0m [1;30mINFO[0m Creating prefix util module '/home/myat/hex_ws/install/_local_setup_util_ps1.py'
[2.197s] [34mcolcon.colcon_core.shell[0m [1;30mINFO[0m Creating prefix chain script '/home/myat/hex_ws/install/setup.ps1'
[2.198s] [34mcolcon.colcon_core.shell[0m [1;30mINFO[0m Creating prefix script '/home/myat/hex_ws/install/local_setup.sh'
[2.199s] [34mcolcon.colcon_core.shell[0m [1;30mINFO[0m Creating prefix util module '/home/myat/hex_ws/install/_local_setup_util_sh.py'
[2.200s] [34mcolcon.colcon_core.shell[0m [1;30mINFO[0m Creating prefix chain script '/home/myat/hex_ws/install/setup.sh'
[2.201s] [34mcolcon.colcon_core.shell[0m [1;30mINFO[0m Creating prefix script '/home/myat/hex_ws/install/local_setup.bash'
[2.202s] [34mcolcon.colcon_core.shell[0m [1;30mINFO[0m Creating prefix chain script '/home/myat/hex_ws/install/setup.bash'
[2.203s] [34mcolcon.colcon_core.shell[0m [1;30mINFO[0m Creating prefix script '/home/myat/hex_ws/install/local_setup.zsh'
[2.203s] [34mcolcon.colcon_core.shell[0m [1;30mINFO[0m Creating prefix chain script '/home/myat/hex_ws/install/setup.zsh'
