[1.006s] Invoking command in '/home/myat/hex_ws/src/hexapod_description': PYTHONPATH=/home/myat/hex_ws/build/hexapod_description/prefix_override:/usr/lib/python3/dist-packages/colcon_core/task/python/colcon_distutils_commands:/home/myat/hex_ws/install/hexapod_description/lib/python3.10/site-packages:${PYTHONPATH} /usr/bin/python3 -W ignore:setup.py install is deprecated -W ignore:easy_install command is deprecated setup.py egg_info --egg-base ../../build/hexapod_description build --build-base /home/myat/hex_ws/build/hexapod_description/build install --record /home/myat/hex_ws/build/hexapod_description/install.log --single-version-externally-managed install_data
[1.230s] running egg_info
[1.231s] writing ../../build/hexapod_description/hexapod_description.egg-info/PKG-INFO
[1.231s] writing dependency_links to ../../build/hexapod_description/hexapod_description.egg-info/dependency_links.txt
[1.231s] writing entry points to ../../build/hexapod_description/hexapod_description.egg-info/entry_points.txt
[1.232s] writing requirements to ../../build/hexapod_description/hexapod_description.egg-info/requires.txt
[1.232s] writing top-level names to ../../build/hexapod_description/hexapod_description.egg-info/top_level.txt
[1.233s] reading manifest file '../../build/hexapod_description/hexapod_description.egg-info/SOURCES.txt'
[1.234s] writing manifest file '../../build/hexapod_description/hexapod_description.egg-info/SOURCES.txt'
[1.234s] running build
[1.234s] running build_py
[1.234s] running install
[1.235s] running install_lib
[1.236s] running install_data
[1.236s] copying config/controllers.yaml -> /home/myat/hex_ws/install/hexapod_description/share/hexapod_description/config
[1.236s] running install_egg_info
[1.237s] removing '/home/myat/hex_ws/install/hexapod_description/lib/python3.10/site-packages/hexapod_description-0.0.0-py3.10.egg-info' (and everything under it)
[1.238s] Copying ../../build/hexapod_description/hexapod_description.egg-info to /home/myat/hex_ws/install/hexapod_description/lib/python3.10/site-packages/hexapod_description-0.0.0-py3.10.egg-info
[1.238s] running install_scripts
[1.253s] writing list of installed files to '/home/myat/hex_ws/build/hexapod_description/install.log'
[1.296s] Invoked command in '/home/myat/hex_ws/src/hexapod_description' returned '0': PYTHONPATH=/home/myat/hex_ws/build/hexapod_description/prefix_override:/usr/lib/python3/dist-packages/colcon_core/task/python/colcon_distutils_commands:/home/myat/hex_ws/install/hexapod_description/lib/python3.10/site-packages:${PYTHONPATH} /usr/bin/python3 -W ignore:setup.py install is deprecated -W ignore:easy_install command is deprecated setup.py egg_info --egg-base ../../build/hexapod_description build --build-base /home/myat/hex_ws/build/hexapod_description/build install --record /home/myat/hex_ws/build/hexapod_description/install.log --single-version-externally-managed install_data
