[0.530s] Invoking command in '/home/cattleya/hexapod/src/hexapod_control': DEBUGINFOD_URLS=https://debuginfod.ubuntu.com PYTHONPATH=/home/cattleya/hexapod/build/hexapod_control/prefix_override:/usr/lib/python3/dist-packages/colcon_core/task/python/colcon_distutils_commands:/home/cattleya/hexapod/install/hexapod_control/lib/python3.12/site-packages:${PYTHONPATH} /usr/bin/python3 -W ignore:setup.py install is deprecated -W ignore:easy_install command is deprecated setup.py egg_info --egg-base ../../build/hexapod_control build --build-base /home/cattleya/hexapod/build/hexapod_control/build install --record /home/cattleya/hexapod/build/hexapod_control/install.log --single-version-externally-managed install_data
[0.684s] running egg_info
[0.693s] writing ../../build/hexapod_control/hexapod_control.egg-info/PKG-INFO
[0.694s] writing dependency_links to ../../build/hexapod_control/hexapod_control.egg-info/dependency_links.txt
[0.694s] writing entry points to ../../build/hexapod_control/hexapod_control.egg-info/entry_points.txt
[0.694s] writing requirements to ../../build/hexapod_control/hexapod_control.egg-info/requires.txt
[0.694s] writing top-level names to ../../build/hexapod_control/hexapod_control.egg-info/top_level.txt
[0.713s] reading manifest file '../../build/hexapod_control/hexapod_control.egg-info/SOURCES.txt'
[0.714s] writing manifest file '../../build/hexapod_control/hexapod_control.egg-info/SOURCES.txt'
[0.714s] running build
[0.714s] running build_py
[0.714s] copying hexapod_control/imu.py -> /home/cattleya/hexapod/build/hexapod_control/build/lib/hexapod_control
[0.714s] running install
[0.717s] running install_lib
[0.727s] copying /home/cattleya/hexapod/build/hexapod_control/build/lib/hexapod_control/imu.py -> /home/cattleya/hexapod/install/hexapod_control/lib/python3.12/site-packages/hexapod_control
[0.727s] byte-compiling /home/cattleya/hexapod/install/hexapod_control/lib/python3.12/site-packages/hexapod_control/imu.py to imu.cpython-312.pyc
[0.728s] running install_data
[0.728s] running install_egg_info
[0.737s] removing '/home/cattleya/hexapod/install/hexapod_control/lib/python3.12/site-packages/hexapod_control-0.0.0-py3.12.egg-info' (and everything under it)
[0.737s] Copying ../../build/hexapod_control/hexapod_control.egg-info to /home/cattleya/hexapod/install/hexapod_control/lib/python3.12/site-packages/hexapod_control-0.0.0-py3.12.egg-info
[0.738s] running install_scripts
[0.799s] Installing hopf_cpg_tripod_node script to /home/cattleya/hexapod/install/hexapod_control/lib/hexapod_control
[0.799s] Installing imu script to /home/cattleya/hexapod/install/hexapod_control/lib/hexapod_control
[0.799s] Installing tripod_gait_node script to /home/cattleya/hexapod/install/hexapod_control/lib/hexapod_control
[0.800s] writing list of installed files to '/home/cattleya/hexapod/build/hexapod_control/install.log'
[0.815s] Invoked command in '/home/cattleya/hexapod/src/hexapod_control' returned '0': DEBUGINFOD_URLS=https://debuginfod.ubuntu.com PYTHONPATH=/home/cattleya/hexapod/build/hexapod_control/prefix_override:/usr/lib/python3/dist-packages/colcon_core/task/python/colcon_distutils_commands:/home/cattleya/hexapod/install/hexapod_control/lib/python3.12/site-packages:${PYTHONPATH} /usr/bin/python3 -W ignore:setup.py install is deprecated -W ignore:easy_install command is deprecated setup.py egg_info --egg-base ../../build/hexapod_control build --build-base /home/cattleya/hexapod/build/hexapod_control/build install --record /home/cattleya/hexapod/build/hexapod_control/install.log --single-version-externally-managed install_data
