[1.180s] Invoking command in '/home/myat/hex_ws/src/hexapod_control': PYTHONPATH=/home/myat/hex_ws/build/hexapod_control/prefix_override:/usr/lib/python3/dist-packages/colcon_core/task/python/colcon_distutils_commands:/home/myat/hex_ws/install/hexapod_control/lib/python3.10/site-packages:${PYTHONPATH} /usr/bin/python3 -W ignore:setup.py install is deprecated -W ignore:easy_install command is deprecated setup.py egg_info --egg-base ../../build/hexapod_control build --build-base /home/myat/hex_ws/build/hexapod_control/build install --record /home/myat/hex_ws/build/hexapod_control/install.log --single-version-externally-managed install_data
[1.454s] running egg_info
[1.455s] writing ../../build/hexapod_control/hexapod_control.egg-info/PKG-INFO
[1.455s] writing dependency_links to ../../build/hexapod_control/hexapod_control.egg-info/dependency_links.txt
[1.455s] writing entry points to ../../build/hexapod_control/hexapod_control.egg-info/entry_points.txt
[1.455s] writing requirements to ../../build/hexapod_control/hexapod_control.egg-info/requires.txt
[1.455s] writing top-level names to ../../build/hexapod_control/hexapod_control.egg-info/top_level.txt
[1.457s] reading manifest file '../../build/hexapod_control/hexapod_control.egg-info/SOURCES.txt'
[1.458s] writing manifest file '../../build/hexapod_control/hexapod_control.egg-info/SOURCES.txt'
[1.458s] running build
[1.458s] running build_py
[1.459s] running install
[1.459s] running install_lib
[1.460s] running install_data
[1.460s] running install_egg_info
[1.462s] removing '/home/myat/hex_ws/install/hexapod_control/lib/python3.10/site-packages/hexapod_control-0.0.0-py3.10.egg-info' (and everything under it)
[1.462s] Copying ../../build/hexapod_control/hexapod_control.egg-info to /home/myat/hex_ws/install/hexapod_control/lib/python3.10/site-packages/hexapod_control-0.0.0-py3.10.egg-info
[1.463s] running install_scripts
[1.480s] Installing hopf_cpg_tripod_node script to /home/myat/hex_ws/install/hexapod_control/lib/hexapod_control
[1.481s] Installing tripod_gait_node script to /home/myat/hex_ws/install/hexapod_control/lib/hexapod_control
[1.481s] writing list of installed files to '/home/myat/hex_ws/build/hexapod_control/install.log'
[1.530s] Invoked command in '/home/myat/hex_ws/src/hexapod_control' returned '0': PYTHONPATH=/home/myat/hex_ws/build/hexapod_control/prefix_override:/usr/lib/python3/dist-packages/colcon_core/task/python/colcon_distutils_commands:/home/myat/hex_ws/install/hexapod_control/lib/python3.10/site-packages:${PYTHONPATH} /usr/bin/python3 -W ignore:setup.py install is deprecated -W ignore:easy_install command is deprecated setup.py egg_info --egg-base ../../build/hexapod_control build --build-base /home/myat/hex_ws/build/hexapod_control/build install --record /home/myat/hex_ws/build/hexapod_control/install.log --single-version-externally-managed install_data
