[0.459s] Invoking command in '/home/cattleya/hexapod/src/hexapod_description': DEBUGINFOD_URLS=https://debuginfod.ubuntu.com PYTHONPATH=/home/cattleya/hexapod/build/hexapod_description/prefix_override:/usr/lib/python3/dist-packages/colcon_core/task/python/colcon_distutils_commands:/home/cattleya/hexapod/install/hexapod_description/lib/python3.12/site-packages:${PYTHONPATH} /usr/bin/python3 -W ignore:setup.py install is deprecated -W ignore:easy_install command is deprecated setup.py egg_info --egg-base ../../build/hexapod_description build --build-base /home/cattleya/hexapod/build/hexapod_description/build install --record /home/cattleya/hexapod/build/hexapod_description/install.log --single-version-externally-managed install_data
[0.584s] running egg_info
[0.592s] writing ../../build/hexapod_description/hexapod_description.egg-info/PKG-INFO
[0.592s] writing dependency_links to ../../build/hexapod_description/hexapod_description.egg-info/dependency_links.txt
[0.593s] writing requirements to ../../build/hexapod_description/hexapod_description.egg-info/requires.txt
[0.593s] writing top-level names to ../../build/hexapod_description/hexapod_description.egg-info/top_level.txt
[0.611s] reading manifest file '../../build/hexapod_description/hexapod_description.egg-info/SOURCES.txt'
[0.611s] writing manifest file '../../build/hexapod_description/hexapod_description.egg-info/SOURCES.txt'
[0.611s] running build
[0.611s] running build_py
[0.611s] running install
[0.614s] running install_lib
[0.624s] running install_data
[0.624s] copying world/default.sdf -> /home/cattleya/hexapod/install/hexapod_description/share/hexapod_description/world
[0.624s] running install_egg_info
[0.633s] removing '/home/cattleya/hexapod/install/hexapod_description/lib/python3.12/site-packages/hexapod_description-0.0.0-py3.12.egg-info' (and everything under it)
[0.633s] Copying ../../build/hexapod_description/hexapod_description.egg-info to /home/cattleya/hexapod/install/hexapod_description/lib/python3.12/site-packages/hexapod_description-0.0.0-py3.12.egg-info
[0.633s] running install_scripts
[0.693s] writing list of installed files to '/home/cattleya/hexapod/build/hexapod_description/install.log'
[0.707s] Invoked command in '/home/cattleya/hexapod/src/hexapod_description' returned '0': DEBUGINFOD_URLS=https://debuginfod.ubuntu.com PYTHONPATH=/home/cattleya/hexapod/build/hexapod_description/prefix_override:/usr/lib/python3/dist-packages/colcon_core/task/python/colcon_distutils_commands:/home/cattleya/hexapod/install/hexapod_description/lib/python3.12/site-packages:${PYTHONPATH} /usr/bin/python3 -W ignore:setup.py install is deprecated -W ignore:easy_install command is deprecated setup.py egg_info --egg-base ../../build/hexapod_description build --build-base /home/cattleya/hexapod/build/hexapod_description/build install --record /home/cattleya/hexapod/build/hexapod_description/install.log --single-version-externally-managed install_data
