running egg_info
writing ../../build/hexapod_control/hexapod_control.egg-info/PKG-INFO
writing dependency_links to ../../build/hexapod_control/hexapod_control.egg-info/dependency_links.txt
writing entry points to ../../build/hexapod_control/hexapod_control.egg-info/entry_points.txt
writing requirements to ../../build/hexapod_control/hexapod_control.egg-info/requires.txt
writing top-level names to ../../build/hexapod_control/hexapod_control.egg-info/top_level.txt
reading manifest file '../../build/hexapod_control/hexapod_control.egg-info/SOURCES.txt'
writing manifest file '../../build/hexapod_control/hexapod_control.egg-info/SOURCES.txt'
running build
running build_py
running install
running install_lib
creating /home/cattleya/hexapod/install/hexapod_control/lib/python3.12/site-packages/hexapod_control
copying /home/cattleya/hexapod/build/hexapod_control/build/lib/hexapod_control/pd_tripod.py -> /home/cattleya/hexapod/install/hexapod_control/lib/python3.12/site-packages/hexapod_control
copying /home/cattleya/hexapod/build/hexapod_control/build/lib/hexapod_control/hopf_cpg_tripod_node.py -> /home/cattleya/hexapod/install/hexapod_control/lib/python3.12/site-packages/hexapod_control
copying /home/cattleya/hexapod/build/hexapod_control/build/lib/hexapod_control/tripod_gait_node.py -> /home/cattleya/hexapod/install/hexapod_control/lib/python3.12/site-packages/hexapod_control
copying /home/cattleya/hexapod/build/hexapod_control/build/lib/hexapod_control/__init__.py -> /home/cattleya/hexapod/install/hexapod_control/lib/python3.12/site-packages/hexapod_control
byte-compiling /home/cattleya/hexapod/install/hexapod_control/lib/python3.12/site-packages/hexapod_control/pd_tripod.py to pd_tripod.cpython-312.pyc
byte-compiling /home/cattleya/hexapod/install/hexapod_control/lib/python3.12/site-packages/hexapod_control/hopf_cpg_tripod_node.py to hopf_cpg_tripod_node.cpython-312.pyc
byte-compiling /home/cattleya/hexapod/install/hexapod_control/lib/python3.12/site-packages/hexapod_control/tripod_gait_node.py to tripod_gait_node.cpython-312.pyc
byte-compiling /home/cattleya/hexapod/install/hexapod_control/lib/python3.12/site-packages/hexapod_control/__init__.py to __init__.cpython-312.pyc
running install_data
running install_egg_info
Copying ../../build/hexapod_control/hexapod_control.egg-info to /home/cattleya/hexapod/install/hexapod_control/lib/python3.12/site-packages/hexapod_control-0.0.0-py3.12.egg-info
running install_scripts
Installing hopf_cpg_tripod_node script to /home/cattleya/hexapod/install/hexapod_control/lib/hexapod_control
Installing tripod_gait_node script to /home/cattleya/hexapod/install/hexapod_control/lib/hexapod_control
writing list of installed files to '/home/cattleya/hexapod/build/hexapod_control/install.log'
