[0.518s] Invoking command in '/home/cattleya/hexapod/src/hexapod_control': DEBUGINFOD_URLS=https://debuginfod.ubuntu.com PYTHONPATH=/home/cattleya/hexapod/build/hexapod_control/prefix_override:/usr/lib/python3/dist-packages/colcon_core/task/python/colcon_distutils_commands:/home/cattleya/hexapod/install/hexapod_control/lib/python3.12/site-packages:${PYTHONPATH} /usr/bin/python3 -W ignore:setup.py install is deprecated -W ignore:easy_install command is deprecated setup.py egg_info --egg-base ../../build/hexapod_control build --build-base /home/cattleya/hexapod/build/hexapod_control/build install --record /home/cattleya/hexapod/build/hexapod_control/install.log --single-version-externally-managed install_data
[0.629s] running egg_info
[0.637s] writing ../../build/hexapod_control/hexapod_control.egg-info/PKG-INFO
[0.637s] writing dependency_links to ../../build/hexapod_control/hexapod_control.egg-info/dependency_links.txt
[0.637s] writing entry points to ../../build/hexapod_control/hexapod_control.egg-info/entry_points.txt
[0.637s] writing requirements to ../../build/hexapod_control/hexapod_control.egg-info/requires.txt
[0.637s] writing top-level names to ../../build/hexapod_control/hexapod_control.egg-info/top_level.txt
[0.652s] reading manifest file '../../build/hexapod_control/hexapod_control.egg-info/SOURCES.txt'
[0.653s] writing manifest file '../../build/hexapod_control/hexapod_control.egg-info/SOURCES.txt'
[0.653s] running build
[0.653s] running build_py
[0.653s] running install
[0.656s] running install_lib
[0.664s] creating /home/cattleya/hexapod/install/hexapod_control/lib/python3.12/site-packages/hexapod_control
[0.664s] copying /home/cattleya/hexapod/build/hexapod_control/build/lib/hexapod_control/pd_tripod.py -> /home/cattleya/hexapod/install/hexapod_control/lib/python3.12/site-packages/hexapod_control
[0.664s] copying /home/cattleya/hexapod/build/hexapod_control/build/lib/hexapod_control/hopf_cpg_tripod_node.py -> /home/cattleya/hexapod/install/hexapod_control/lib/python3.12/site-packages/hexapod_control
[0.664s] copying /home/cattleya/hexapod/build/hexapod_control/build/lib/hexapod_control/tripod_gait_node.py -> /home/cattleya/hexapod/install/hexapod_control/lib/python3.12/site-packages/hexapod_control
[0.664s] copying /home/cattleya/hexapod/build/hexapod_control/build/lib/hexapod_control/__init__.py -> /home/cattleya/hexapod/install/hexapod_control/lib/python3.12/site-packages/hexapod_control
[0.664s] byte-compiling /home/cattleya/hexapod/install/hexapod_control/lib/python3.12/site-packages/hexapod_control/pd_tripod.py to pd_tripod.cpython-312.pyc
[0.664s] byte-compiling /home/cattleya/hexapod/install/hexapod_control/lib/python3.12/site-packages/hexapod_control/hopf_cpg_tripod_node.py to hopf_cpg_tripod_node.cpython-312.pyc
[0.665s] byte-compiling /home/cattleya/hexapod/install/hexapod_control/lib/python3.12/site-packages/hexapod_control/tripod_gait_node.py to tripod_gait_node.cpython-312.pyc
[0.666s] byte-compiling /home/cattleya/hexapod/install/hexapod_control/lib/python3.12/site-packages/hexapod_control/__init__.py to __init__.cpython-312.pyc
[0.666s] running install_data
[0.666s] running install_egg_info
[0.674s] Copying ../../build/hexapod_control/hexapod_control.egg-info to /home/cattleya/hexapod/install/hexapod_control/lib/python3.12/site-packages/hexapod_control-0.0.0-py3.12.egg-info
[0.674s] running install_scripts
[0.727s] Installing hopf_cpg_tripod_node script to /home/cattleya/hexapod/install/hexapod_control/lib/hexapod_control
[0.727s] Installing tripod_gait_node script to /home/cattleya/hexapod/install/hexapod_control/lib/hexapod_control
[0.727s] writing list of installed files to '/home/cattleya/hexapod/build/hexapod_control/install.log'
[0.745s] Invoked command in '/home/cattleya/hexapod/src/hexapod_control' returned '0': DEBUGINFOD_URLS=https://debuginfod.ubuntu.com PYTHONPATH=/home/cattleya/hexapod/build/hexapod_control/prefix_override:/usr/lib/python3/dist-packages/colcon_core/task/python/colcon_distutils_commands:/home/cattleya/hexapod/install/hexapod_control/lib/python3.12/site-packages:${PYTHONPATH} /usr/bin/python3 -W ignore:setup.py install is deprecated -W ignore:easy_install command is deprecated setup.py egg_info --egg-base ../../build/hexapod_control build --build-base /home/cattleya/hexapod/build/hexapod_control/build install --record /home/cattleya/hexapod/build/hexapod_control/install.log --single-version-externally-managed install_data
