[0.901s] Invoking command in '/home/myat/hex_ws/build/hexapod_description': PYTHONPATH=/home/myat/hex_ws/build/hexapod_description/prefix_override:/usr/lib/python3/dist-packages/colcon_core/task/python/colcon_distutils_commands:/home/myat/hex_ws/install/hexapod_description/lib/python3.10/site-packages:${PYTHONPATH} /usr/bin/python3 -W ignore:setup.py install is deprecated -W ignore:easy_install command is deprecated setup.py develop --uninstall --editable --build-directory /home/myat/hex_ws/build/hexapod_description/build
[1.137s] running develop
[1.313s] Removing /home/myat/hex_ws/install/hexapod_description/lib/python3.10/site-packages/hexapod-description.egg-link (link to .)
[1.344s] Invoked command in '/home/myat/hex_ws/build/hexapod_description' returned '0': PYTHONPATH=/home/myat/hex_ws/build/hexapod_description/prefix_override:/usr/lib/python3/dist-packages/colcon_core/task/python/colcon_distutils_commands:/home/myat/hex_ws/install/hexapod_description/lib/python3.10/site-packages:${PYTHONPATH} /usr/bin/python3 -W ignore:setup.py install is deprecated -W ignore:easy_install command is deprecated setup.py develop --uninstall --editable --build-directory /home/myat/hex_ws/build/hexapod_description/build
[1.346s] Invoking command in '/home/myat/hex_ws/src/hexapod_description': PYTHONPATH=/home/myat/hex_ws/build/hexapod_description/prefix_override:/usr/lib/python3/dist-packages/colcon_core/task/python/colcon_distutils_commands:/home/myat/hex_ws/install/hexapod_description/lib/python3.10/site-packages:${PYTHONPATH} /usr/bin/python3 -W ignore:setup.py install is deprecated -W ignore:easy_install command is deprecated setup.py egg_info --egg-base ../../build/hexapod_description build --build-base /home/myat/hex_ws/build/hexapod_description/build install --record /home/myat/hex_ws/build/hexapod_description/install.log --single-version-externally-managed install_data --force
[1.565s] running egg_info
[1.566s] writing ../../build/hexapod_description/hexapod_description.egg-info/PKG-INFO
[1.566s] writing dependency_links to ../../build/hexapod_description/hexapod_description.egg-info/dependency_links.txt
[1.566s] writing entry points to ../../build/hexapod_description/hexapod_description.egg-info/entry_points.txt
[1.566s] writing requirements to ../../build/hexapod_description/hexapod_description.egg-info/requires.txt
[1.566s] writing top-level names to ../../build/hexapod_description/hexapod_description.egg-info/top_level.txt
[1.568s] reading manifest file '../../build/hexapod_description/hexapod_description.egg-info/SOURCES.txt'
[1.568s] writing manifest file '../../build/hexapod_description/hexapod_description.egg-info/SOURCES.txt'
[1.568s] running build
[1.568s] running build_py
[1.569s] running install
[1.569s] running install_lib
[1.570s] creating /home/myat/hex_ws/install/hexapod_description/lib/python3.10/site-packages/hexapod_description
[1.570s] copying /home/myat/hex_ws/build/hexapod_description/build/lib/hexapod_description/__init__.py -> /home/myat/hex_ws/install/hexapod_description/lib/python3.10/site-packages/hexapod_description
[1.571s] byte-compiling /home/myat/hex_ws/install/hexapod_description/lib/python3.10/site-packages/hexapod_description/__init__.py to __init__.cpython-310.pyc
[1.571s] running install_data
[1.571s] copying resource/hexapod_description -> /home/myat/hex_ws/install/hexapod_description/share/ament_index/resource_index/packages
[1.571s] copying package.xml -> /home/myat/hex_ws/install/hexapod_description/share/hexapod_description
[1.571s] copying urdf/hexapod.urdf -> /home/myat/hex_ws/install/hexapod_description/share/hexapod_description/urdf
[1.571s] copying world/default.sdf -> /home/myat/hex_ws/install/hexapod_description/share/hexapod_description/world
[1.571s] copying config/controllers.yaml -> /home/myat/hex_ws/install/hexapod_description/share/hexapod_description/config
[1.572s] running install_egg_info
[1.573s] Copying ../../build/hexapod_description/hexapod_description.egg-info to /home/myat/hex_ws/install/hexapod_description/lib/python3.10/site-packages/hexapod_description-0.0.0-py3.10.egg-info
[1.574s] running install_scripts
[1.587s] writing list of installed files to '/home/myat/hex_ws/build/hexapod_description/install.log'
[1.617s] Invoked command in '/home/myat/hex_ws/src/hexapod_description' returned '0': PYTHONPATH=/home/myat/hex_ws/build/hexapod_description/prefix_override:/usr/lib/python3/dist-packages/colcon_core/task/python/colcon_distutils_commands:/home/myat/hex_ws/install/hexapod_description/lib/python3.10/site-packages:${PYTHONPATH} /usr/bin/python3 -W ignore:setup.py install is deprecated -W ignore:easy_install command is deprecated setup.py egg_info --egg-base ../../build/hexapod_description build --build-base /home/myat/hex_ws/build/hexapod_description/build install --record /home/myat/hex_ws/build/hexapod_description/install.log --single-version-externally-managed install_data --force
