[1.077s] Invoking command in '/home/myat/hex_ws/src/hexapod_control': PYTHONPATH=/home/myat/hex_ws/build/hexapod_control/prefix_override:/usr/lib/python3/dist-packages/colcon_core/task/python/colcon_distutils_commands:/home/myat/hex_ws/install/hexapod_control/lib/python3.10/site-packages:${PYTHONPATH} /usr/bin/python3 -W ignore:setup.py install is deprecated -W ignore:easy_install command is deprecated setup.py egg_info --egg-base ../../build/hexapod_control build --build-base /home/myat/hex_ws/build/hexapod_control/build install --record /home/myat/hex_ws/build/hexapod_control/install.log --single-version-externally-managed install_data
[1.348s] running egg_info
[1.349s] writing ../../build/hexapod_control/hexapod_control.egg-info/PKG-INFO
[1.350s] writing dependency_links to ../../build/hexapod_control/hexapod_control.egg-info/dependency_links.txt
[1.350s] writing entry points to ../../build/hexapod_control/hexapod_control.egg-info/entry_points.txt
[1.351s] writing requirements to ../../build/hexapod_control/hexapod_control.egg-info/requires.txt
[1.351s] writing top-level names to ../../build/hexapod_control/hexapod_control.egg-info/top_level.txt
[1.354s] reading manifest file '../../build/hexapod_control/hexapod_control.egg-info/SOURCES.txt'
[1.355s] writing manifest file '../../build/hexapod_control/hexapod_control.egg-info/SOURCES.txt'
[1.356s] running build
[1.356s] running build_py
[1.356s] running install
[1.356s] running install_lib
[1.357s] running install_data
[1.357s] running install_egg_info
[1.359s] removing '/home/myat/hex_ws/install/hexapod_control/lib/python3.10/site-packages/hexapod_control-0.0.0-py3.10.egg-info' (and everything under it)
[1.359s] Copying ../../build/hexapod_control/hexapod_control.egg-info to /home/myat/hex_ws/install/hexapod_control/lib/python3.10/site-packages/hexapod_control-0.0.0-py3.10.egg-info
[1.360s] running install_scripts
[1.378s] Installing tripod_gait_node script to /home/myat/hex_ws/install/hexapod_control/lib/hexapod_control
[1.378s] writing list of installed files to '/home/myat/hex_ws/build/hexapod_control/install.log'
[1.417s] Invoked command in '/home/myat/hex_ws/src/hexapod_control' returned '0': PYTHONPATH=/home/myat/hex_ws/build/hexapod_control/prefix_override:/usr/lib/python3/dist-packages/colcon_core/task/python/colcon_distutils_commands:/home/myat/hex_ws/install/hexapod_control/lib/python3.10/site-packages:${PYTHONPATH} /usr/bin/python3 -W ignore:setup.py install is deprecated -W ignore:easy_install command is deprecated setup.py egg_info --egg-base ../../build/hexapod_control build --build-base /home/myat/hex_ws/build/hexapod_control/build install --record /home/myat/hex_ws/build/hexapod_control/install.log --single-version-externally-managed install_data
