[0.466s] Invoking command in '/home/cattleya/hexapod/src/hexapod_description': DEBUGINFOD_URLS=https://debuginfod.ubuntu.com PYTHONPATH=/home/cattleya/hexapod/build/hexapod_description/prefix_override:/usr/lib/python3/dist-packages/colcon_core/task/python/colcon_distutils_commands:/home/cattleya/hexapod/install/hexapod_description/lib/python3.12/site-packages:${PYTHONPATH} /usr/bin/python3 -W ignore:setup.py install is deprecated -W ignore:easy_install command is deprecated setup.py egg_info --egg-base ../../build/hexapod_description build --build-base /home/cattleya/hexapod/build/hexapod_description/build install --record /home/cattleya/hexapod/build/hexapod_description/install.log --single-version-externally-managed install_data
[0.595s] running egg_info
[0.603s] writing ../../build/hexapod_description/hexapod_description.egg-info/PKG-INFO
[0.603s] writing dependency_links to ../../build/hexapod_description/hexapod_description.egg-info/dependency_links.txt
[0.603s] writing requirements to ../../build/hexapod_description/hexapod_description.egg-info/requires.txt
[0.603s] writing top-level names to ../../build/hexapod_description/hexapod_description.egg-info/top_level.txt
[0.620s] reading manifest file '../../build/hexapod_description/hexapod_description.egg-info/SOURCES.txt'
[0.620s] writing manifest file '../../build/hexapod_description/hexapod_description.egg-info/SOURCES.txt'
[0.620s] running build
[0.620s] running build_py
[0.620s] running install
[0.623s] running install_lib
[0.632s] running install_data
[0.632s] copying urdf/hexapod.urdf -> /home/cattleya/hexapod/install/hexapod_description/share/hexapod_description/urdf
[0.632s] running install_egg_info
[0.641s] removing '/home/cattleya/hexapod/install/hexapod_description/lib/python3.12/site-packages/hexapod_description-0.0.0-py3.12.egg-info' (and everything under it)
[0.642s] Copying ../../build/hexapod_description/hexapod_description.egg-info to /home/cattleya/hexapod/install/hexapod_description/lib/python3.12/site-packages/hexapod_description-0.0.0-py3.12.egg-info
[0.642s] running install_scripts
[0.698s] writing list of installed files to '/home/cattleya/hexapod/build/hexapod_description/install.log'
[0.714s] Invoked command in '/home/cattleya/hexapod/src/hexapod_description' returned '0': DEBUGINFOD_URLS=https://debuginfod.ubuntu.com PYTHONPATH=/home/cattleya/hexapod/build/hexapod_description/prefix_override:/usr/lib/python3/dist-packages/colcon_core/task/python/colcon_distutils_commands:/home/cattleya/hexapod/install/hexapod_description/lib/python3.12/site-packages:${PYTHONPATH} /usr/bin/python3 -W ignore:setup.py install is deprecated -W ignore:easy_install command is deprecated setup.py egg_info --egg-base ../../build/hexapod_description build --build-base /home/cattleya/hexapod/build/hexapod_description/build install --record /home/cattleya/hexapod/build/hexapod_description/install.log --single-version-externally-managed install_data
