running egg_info
writing ../../build/hexapod_control/hexapod_control.egg-info/PKG-INFO
writing dependency_links to ../../build/hexapod_control/hexapod_control.egg-info/dependency_links.txt
writing entry points to ../../build/hexapod_control/hexapod_control.egg-info/entry_points.txt
writing requirements to ../../build/hexapod_control/hexapod_control.egg-info/requires.txt
writing top-level names to ../../build/hexapod_control/hexapod_control.egg-info/top_level.txt
reading manifest file '../../build/hexapod_control/hexapod_control.egg-info/SOURCES.txt'
writing manifest file '../../build/hexapod_control/hexapod_control.egg-info/SOURCES.txt'
running build
running build_py
copying hexapod_control/ik_tripod.py -> /home/cattleya/hexapod/build/hexapod_control/build/lib/hexapod_control
running install
running install_lib
copying /home/cattleya/hexapod/build/hexapod_control/build/lib/hexapod_control/ik_tripod.py -> /home/cattleya/hexapod/install/hexapod_control/lib/python3.12/site-packages/hexapod_control
byte-compiling /home/cattleya/hexapod/install/hexapod_control/lib/python3.12/site-packages/hexapod_control/ik_tripod.py to ik_tripod.cpython-312.pyc
running install_data
running install_egg_info
removing '/home/cattleya/hexapod/install/hexapod_control/lib/python3.12/site-packages/hexapod_control-0.0.0-py3.12.egg-info' (and everything under it)
Copying ../../build/hexapod_control/hexapod_control.egg-info to /home/cattleya/hexapod/install/hexapod_control/lib/python3.12/site-packages/hexapod_control-0.0.0-py3.12.egg-info
running install_scripts
Installing hopf_cpg_tripod_node script to /home/cattleya/hexapod/install/hexapod_control/lib/hexapod_control
Installing ik_tripod script to /home/cattleya/hexapod/install/hexapod_control/lib/hexapod_control
Installing imu script to /home/cattleya/hexapod/install/hexapod_control/lib/hexapod_control
Installing tripod_gait_node script to /home/cattleya/hexapod/install/hexapod_control/lib/hexapod_control
writing list of installed files to '/home/cattleya/hexapod/build/hexapod_control/install.log'
