[0.917s] Invoking command in '/home/myat/hex_ws/build/hexapod_control': PYTHONPATH=/home/myat/hex_ws/build/hexapod_control/prefix_override:/usr/lib/python3/dist-packages/colcon_core/task/python/colcon_distutils_commands:/home/myat/hex_ws/install/hexapod_control/lib/python3.10/site-packages:${PYTHONPATH} /usr/bin/python3 -W ignore:setup.py install is deprecated -W ignore:easy_install command is deprecated setup.py develop --uninstall --editable --build-directory /home/myat/hex_ws/build/hexapod_control/build
[1.158s] running develop
[1.337s] Removing /home/myat/hex_ws/install/hexapod_control/lib/python3.10/site-packages/hexapod-control.egg-link (link to .)
[1.369s] Invoked command in '/home/myat/hex_ws/build/hexapod_control' returned '0': PYTHONPATH=/home/myat/hex_ws/build/hexapod_control/prefix_override:/usr/lib/python3/dist-packages/colcon_core/task/python/colcon_distutils_commands:/home/myat/hex_ws/install/hexapod_control/lib/python3.10/site-packages:${PYTHONPATH} /usr/bin/python3 -W ignore:setup.py install is deprecated -W ignore:easy_install command is deprecated setup.py develop --uninstall --editable --build-directory /home/myat/hex_ws/build/hexapod_control/build
[1.370s] Invoking command in '/home/myat/hex_ws/src/hexapod_control': PYTHONPATH=/home/myat/hex_ws/build/hexapod_control/prefix_override:/usr/lib/python3/dist-packages/colcon_core/task/python/colcon_distutils_commands:/home/myat/hex_ws/install/hexapod_control/lib/python3.10/site-packages:${PYTHONPATH} /usr/bin/python3 -W ignore:setup.py install is deprecated -W ignore:easy_install command is deprecated setup.py egg_info --egg-base ../../build/hexapod_control build --build-base /home/myat/hex_ws/build/hexapod_control/build install --record /home/myat/hex_ws/build/hexapod_control/install.log --single-version-externally-managed install_data --force
[1.587s] running egg_info
[1.587s] writing ../../build/hexapod_control/hexapod_control.egg-info/PKG-INFO
[1.588s] writing dependency_links to ../../build/hexapod_control/hexapod_control.egg-info/dependency_links.txt
[1.588s] writing entry points to ../../build/hexapod_control/hexapod_control.egg-info/entry_points.txt
[1.588s] writing requirements to ../../build/hexapod_control/hexapod_control.egg-info/requires.txt
[1.588s] writing top-level names to ../../build/hexapod_control/hexapod_control.egg-info/top_level.txt
[1.589s] reading manifest file '../../build/hexapod_control/hexapod_control.egg-info/SOURCES.txt'
[1.590s] writing manifest file '../../build/hexapod_control/hexapod_control.egg-info/SOURCES.txt'
[1.590s] running build
[1.590s] running build_py
[1.591s] creating /home/myat/hex_ws/build/hexapod_control/build
[1.591s] creating /home/myat/hex_ws/build/hexapod_control/build/lib
[1.591s] creating /home/myat/hex_ws/build/hexapod_control/build/lib/hexapod_control
[1.591s] copying hexapod_control/tripod_gait_node.py -> /home/myat/hex_ws/build/hexapod_control/build/lib/hexapod_control
[1.591s] copying hexapod_control/pd_tripod.py -> /home/myat/hex_ws/build/hexapod_control/build/lib/hexapod_control
[1.591s] copying hexapod_control/__init__.py -> /home/myat/hex_ws/build/hexapod_control/build/lib/hexapod_control
[1.591s] running install
[1.591s] running install_lib
[1.591s] creating /home/myat/hex_ws/install/hexapod_control/lib/python3.10/site-packages/hexapod_control
[1.591s] copying /home/myat/hex_ws/build/hexapod_control/build/lib/hexapod_control/tripod_gait_node.py -> /home/myat/hex_ws/install/hexapod_control/lib/python3.10/site-packages/hexapod_control
[1.592s] copying /home/myat/hex_ws/build/hexapod_control/build/lib/hexapod_control/pd_tripod.py -> /home/myat/hex_ws/install/hexapod_control/lib/python3.10/site-packages/hexapod_control
[1.592s] copying /home/myat/hex_ws/build/hexapod_control/build/lib/hexapod_control/__init__.py -> /home/myat/hex_ws/install/hexapod_control/lib/python3.10/site-packages/hexapod_control
[1.592s] byte-compiling /home/myat/hex_ws/install/hexapod_control/lib/python3.10/site-packages/hexapod_control/tripod_gait_node.py to tripod_gait_node.cpython-310.pyc
[1.593s] byte-compiling /home/myat/hex_ws/install/hexapod_control/lib/python3.10/site-packages/hexapod_control/pd_tripod.py to pd_tripod.cpython-310.pyc
[1.593s] byte-compiling /home/myat/hex_ws/install/hexapod_control/lib/python3.10/site-packages/hexapod_control/__init__.py to __init__.cpython-310.pyc
[1.593s] running install_data
[1.593s] copying resource/hexapod_control -> /home/myat/hex_ws/install/hexapod_control/share/ament_index/resource_index/packages
[1.593s] copying package.xml -> /home/myat/hex_ws/install/hexapod_control/share/hexapod_control
[1.593s] copying launch/spawn_hexapod_gz.launch.py -> /home/myat/hex_ws/install/hexapod_control/share/hexapod_control/launch
[1.593s] copying launch/tripod_control.launch.py -> /home/myat/hex_ws/install/hexapod_control/share/hexapod_control/launch
[1.593s] copying config/controllers.yaml -> /home/myat/hex_ws/install/hexapod_control/share/hexapod_control/config
[1.594s] running install_egg_info
[1.595s] Copying ../../build/hexapod_control/hexapod_control.egg-info to /home/myat/hex_ws/install/hexapod_control/lib/python3.10/site-packages/hexapod_control-0.0.0-py3.10.egg-info
[1.596s] running install_scripts
[1.609s] Installing tripod_gait_node script to /home/myat/hex_ws/install/hexapod_control/lib/hexapod_control
[1.609s] writing list of installed files to '/home/myat/hex_ws/build/hexapod_control/install.log'
[1.629s] Invoked command in '/home/myat/hex_ws/src/hexapod_control' returned '0': PYTHONPATH=/home/myat/hex_ws/build/hexapod_control/prefix_override:/usr/lib/python3/dist-packages/colcon_core/task/python/colcon_distutils_commands:/home/myat/hex_ws/install/hexapod_control/lib/python3.10/site-packages:${PYTHONPATH} /usr/bin/python3 -W ignore:setup.py install is deprecated -W ignore:easy_install command is deprecated setup.py egg_info --egg-base ../../build/hexapod_control build --build-base /home/myat/hex_ws/build/hexapod_control/build install --record /home/myat/hex_ws/build/hexapod_control/install.log --single-version-externally-managed install_data --force
