[0.886s] Invoking command in '/home/myat/hex_ws/build/hexapod_control': PYTHONPATH=/home/myat/hex_ws/build/hexapod_control/prefix_override:/usr/lib/python3/dist-packages/colcon_core/task/python/colcon_distutils_commands:/home/myat/hex_ws/install/hexapod_control/lib/python3.10/site-packages:${PYTHONPATH} /usr/bin/python3 -W ignore:setup.py install is deprecated -W ignore:easy_install command is deprecated setup.py develop --editable --build-directory /home/myat/hex_ws/build/hexapod_control/build --no-deps symlink_data --force
[1.119s] running develop
[1.291s] running egg_info
[1.292s] writing hexapod_control.egg-info/PKG-INFO
[1.292s] writing dependency_links to hexapod_control.egg-info/dependency_links.txt
[1.292s] writing entry points to hexapod_control.egg-info/entry_points.txt
[1.292s] writing requirements to hexapod_control.egg-info/requires.txt
[1.292s] writing top-level names to hexapod_control.egg-info/top_level.txt
[1.294s] reading manifest file 'hexapod_control.egg-info/SOURCES.txt'
[1.294s] writing manifest file 'hexapod_control.egg-info/SOURCES.txt'
[1.295s] running build_ext
[1.295s] Creating /home/myat/hex_ws/install/hexapod_control/lib/python3.10/site-packages/hexapod-control.egg-link (link to .)
[1.296s] Installing tripod_gait_node script to /home/myat/hex_ws/install/hexapod_control/lib/hexapod_control
[1.296s] 
[1.296s] Installed /home/myat/hex_ws/build/hexapod_control
[1.296s] running symlink_data
[1.296s] symbolically linking /home/myat/hex_ws/build/hexapod_control/resource/hexapod_control -> /home/myat/hex_ws/install/hexapod_control/share/ament_index/resource_index/packages
[1.296s] symbolically linking /home/myat/hex_ws/build/hexapod_control/package.xml -> /home/myat/hex_ws/install/hexapod_control/share/hexapod_control
[1.297s] symbolically linking /home/myat/hex_ws/build/hexapod_control/launch/spawn_hexapod_gz.launch.py -> /home/myat/hex_ws/install/hexapod_control/share/hexapod_control/launch
[1.297s] symbolically linking /home/myat/hex_ws/build/hexapod_control/launch/tripod_control.launch.py -> /home/myat/hex_ws/install/hexapod_control/share/hexapod_control/launch
[1.297s] symbolically linking /home/myat/hex_ws/build/hexapod_control/config/controllers.yaml -> /home/myat/hex_ws/install/hexapod_control/share/hexapod_control/config
[1.328s] Invoked command in '/home/myat/hex_ws/build/hexapod_control' returned '0': PYTHONPATH=/home/myat/hex_ws/build/hexapod_control/prefix_override:/usr/lib/python3/dist-packages/colcon_core/task/python/colcon_distutils_commands:/home/myat/hex_ws/install/hexapod_control/lib/python3.10/site-packages:${PYTHONPATH} /usr/bin/python3 -W ignore:setup.py install is deprecated -W ignore:easy_install command is deprecated setup.py develop --editable --build-directory /home/myat/hex_ws/build/hexapod_control/build --no-deps symlink_data --force
