[0.932s] Invoking command in '/home/myat/hex_ws/src/hexapod_description': PYTHONPATH=/home/myat/hex_ws/build/hexapod_description/prefix_override:/usr/lib/python3/dist-packages/colcon_core/task/python/colcon_distutils_commands:/home/myat/hex_ws/install/hexapod_description/lib/python3.10/site-packages:${PYTHONPATH} /usr/bin/python3 -W ignore:setup.py install is deprecated -W ignore:easy_install command is deprecated setup.py egg_info --egg-base ../../build/hexapod_description build --build-base /home/myat/hex_ws/build/hexapod_description/build install --record /home/myat/hex_ws/build/hexapod_description/install.log --single-version-externally-managed install_data
[1.216s] running egg_info
[1.216s] writing ../../build/hexapod_description/hexapod_description.egg-info/PKG-INFO
[1.217s] writing dependency_links to ../../build/hexapod_description/hexapod_description.egg-info/dependency_links.txt
[1.217s] writing entry points to ../../build/hexapod_description/hexapod_description.egg-info/entry_points.txt
[1.217s] writing requirements to ../../build/hexapod_description/hexapod_description.egg-info/requires.txt
[1.217s] writing top-level names to ../../build/hexapod_description/hexapod_description.egg-info/top_level.txt
[1.220s] reading manifest file '../../build/hexapod_description/hexapod_description.egg-info/SOURCES.txt'
[1.221s] writing manifest file '../../build/hexapod_description/hexapod_description.egg-info/SOURCES.txt'
[1.221s] running build
[1.222s] running build_py
[1.222s] running install
[1.223s] running install_lib
[1.224s] running install_data
[1.225s] running install_egg_info
[1.226s] removing '/home/myat/hex_ws/install/hexapod_description/lib/python3.10/site-packages/hexapod_description-0.0.0-py3.10.egg-info' (and everything under it)
[1.227s] Copying ../../build/hexapod_description/hexapod_description.egg-info to /home/myat/hex_ws/install/hexapod_description/lib/python3.10/site-packages/hexapod_description-0.0.0-py3.10.egg-info
[1.228s] running install_scripts
[1.245s] writing list of installed files to '/home/myat/hex_ws/build/hexapod_description/install.log'
[1.275s] Invoked command in '/home/myat/hex_ws/src/hexapod_description' returned '0': PYTHONPATH=/home/myat/hex_ws/build/hexapod_description/prefix_override:/usr/lib/python3/dist-packages/colcon_core/task/python/colcon_distutils_commands:/home/myat/hex_ws/install/hexapod_description/lib/python3.10/site-packages:${PYTHONPATH} /usr/bin/python3 -W ignore:setup.py install is deprecated -W ignore:easy_install command is deprecated setup.py egg_info --egg-base ../../build/hexapod_description build --build-base /home/myat/hex_ws/build/hexapod_description/build install --record /home/myat/hex_ws/build/hexapod_description/install.log --single-version-externally-managed install_data
