[0.144s] [34mcolcon[0m [1;30mDEBUG[0m [32mCommand line arguments: ['/usr/bin/colcon', 'build'][0m
[0.144s] [34mcolcon[0m [1;30mDEBUG[0m [32mParsed command line arguments: Namespace(log_base=None, log_level=None, verb_name='build', build_base='build', install_base='install', merge_install=False, symlink_install=False, test_result_base=None, continue_on_error=False, executor='parallel', parallel_workers=12, event_handlers=None, ignore_user_meta=False, metas=['./colcon.meta'], base_paths=['.'], packages_ignore=None, packages_ignore_regex=None, paths=None, packages_up_to=None, packages_up_to_regex=None, packages_above=None, packages_above_and_dependencies=None, packages_above_depth=None, packages_select_by_dep=None, packages_skip_by_dep=None, packages_skip_up_to=None, packages_select_build_failed=False, packages_skip_build_finished=False, packages_select_test_failures=False, packages_skip_test_passed=False, packages_select=None, packages_skip=None, packages_select_regex=None, packages_skip_regex=None, packages_start=None, packages_end=None, allow_overriding=[], cmake_args=None, cmake_target=None, cmake_target_skip_unavailable=False, cmake_clean_cache=False, cmake_clean_first=False, cmake_force_configure=False, ament_cmake_args=None, catkin_cmake_args=None, catkin_skip_building_tests=False, mixin_files=None, mixin=None, verb_parser=<colcon_mixin.mixin.mixin_argument.MixinArgumentDecorator object at 0x7e64138bf880>, verb_extension=<colcon_core.verb.build.BuildVerb object at 0x7e6413a53b80>, main=<bound method BuildVerb.main of <colcon_core.verb.build.BuildVerb object at 0x7e6413a53b80>>, mixin_verb=('build',))[0m
[0.360s] [34mcolcon.colcon_core.package_discovery[0m [1;30mLevel 1[0m discover_packages(colcon_meta) check parameters
[0.360s] [34mcolcon.colcon_core.package_discovery[0m [1;30mLevel 1[0m discover_packages(recursive) check parameters
[0.360s] [34mcolcon.colcon_core.package_discovery[0m [1;30mLevel 1[0m discover_packages(ignore) check parameters
[0.360s] [34mcolcon.colcon_core.package_discovery[0m [1;30mLevel 1[0m discover_packages(path) check parameters
[0.360s] [34mcolcon.colcon_core.package_discovery[0m [1;30mLevel 1[0m discover_packages(colcon_meta) discover
[0.360s] [34mcolcon.colcon_core.package_discovery[0m [1;30mLevel 1[0m discover_packages(recursive) discover
[0.360s] [34mcolcon.colcon_core.package_discovery[0m [1;30mINFO[0m Crawling recursively for packages in '/home/myat/hex_ws'
[0.360s] [34mcolcon.colcon_core.package_identification[0m [1;30mLevel 1[0m _identify(.) by extensions ['ignore', 'ignore_ament_install']
[0.360s] [34mcolcon.colcon_core.package_identification[0m [1;30mLevel 1[0m _identify(.) by extension 'ignore'
[0.360s] [34mcolcon.colcon_core.package_identification[0m [1;30mLevel 1[0m _identify(.) by extension 'ignore_ament_install'
[0.360s] [34mcolcon.colcon_core.package_identification[0m [1;30mLevel 1[0m _identify(.) by extensions ['colcon_pkg']
[0.360s] [34mcolcon.colcon_core.package_identification[0m [1;30mLevel 1[0m _identify(.) by extension 'colcon_pkg'
[0.360s] [34mcolcon.colcon_core.package_identification[0m [1;30mLevel 1[0m _identify(.) by extensions ['colcon_meta']
[0.360s] [34mcolcon.colcon_core.package_identification[0m [1;30mLevel 1[0m _identify(.) by extension 'colcon_meta'
[0.360s] [34mcolcon.colcon_core.package_identification[0m [1;30mLevel 1[0m _identify(.) by extensions ['ros']
[0.360s] [34mcolcon.colcon_core.package_identification[0m [1;30mLevel 1[0m _identify(.) by extension 'ros'
[0.372s] [34mcolcon.colcon_core.package_identification[0m [1;30mLevel 1[0m _identify(.) by extensions ['cmake', 'python']
[0.372s] [34mcolcon.colcon_core.package_identification[0m [1;30mLevel 1[0m _identify(.) by extension 'cmake'
[0.372s] [34mcolcon.colcon_core.package_identification[0m [1;30mLevel 1[0m _identify(.) by extension 'python'
[0.372s] [34mcolcon.colcon_core.package_identification[0m [1;30mLevel 1[0m _identify(.) by extensions ['python_setup_py']
[0.372s] [34mcolcon.colcon_core.package_identification[0m [1;30mLevel 1[0m _identify(.) by extension 'python_setup_py'
[0.372s] [34mcolcon.colcon_core.package_identification[0m [1;30mLevel 1[0m _identify(build) by extensions ['ignore', 'ignore_ament_install']
[0.373s] [34mcolcon.colcon_core.package_identification[0m [1;30mLevel 1[0m _identify(build) by extension 'ignore'
[0.373s] [34mcolcon.colcon_core.package_identification[0m [1;30mLevel 1[0m _identify(build) ignored
[0.373s] [34mcolcon.colcon_core.package_identification[0m [1;30mLevel 1[0m _identify(install) by extensions ['ignore', 'ignore_ament_install']
[0.373s] [34mcolcon.colcon_core.package_identification[0m [1;30mLevel 1[0m _identify(install) by extension 'ignore'
[0.373s] [34mcolcon.colcon_core.package_identification[0m [1;30mLevel 1[0m _identify(install) ignored
[0.373s] [34mcolcon.colcon_core.package_identification[0m [1;30mLevel 1[0m _identify(log) by extensions ['ignore', 'ignore_ament_install']
[0.373s] [34mcolcon.colcon_core.package_identification[0m [1;30mLevel 1[0m _identify(log) by extension 'ignore'
[0.373s] [34mcolcon.colcon_core.package_identification[0m [1;30mLevel 1[0m _identify(log) ignored
[0.373s] [34mcolcon.colcon_core.package_identification[0m [1;30mLevel 1[0m _identify(src) by extensions ['ignore', 'ignore_ament_install']
[0.373s] [34mcolcon.colcon_core.package_identification[0m [1;30mLevel 1[0m _identify(src) by extension 'ignore'
[0.373s] [34mcolcon.colcon_core.package_identification[0m [1;30mLevel 1[0m _identify(src) by extension 'ignore_ament_install'
[0.373s] [34mcolcon.colcon_core.package_identification[0m [1;30mLevel 1[0m _identify(src) by extensions ['colcon_pkg']
[0.373s] [34mcolcon.colcon_core.package_identification[0m [1;30mLevel 1[0m _identify(src) by extension 'colcon_pkg'
[0.373s] [34mcolcon.colcon_core.package_identification[0m [1;30mLevel 1[0m _identify(src) by extensions ['colcon_meta']
[0.373s] [34mcolcon.colcon_core.package_identification[0m [1;30mLevel 1[0m _identify(src) by extension 'colcon_meta'
[0.373s] [34mcolcon.colcon_core.package_identification[0m [1;30mLevel 1[0m _identify(src) by extensions ['ros']
[0.373s] [34mcolcon.colcon_core.package_identification[0m [1;30mLevel 1[0m _identify(src) by extension 'ros'
[0.373s] [34mcolcon.colcon_core.package_identification[0m [1;30mLevel 1[0m _identify(src) by extensions ['cmake', 'python']
[0.373s] [34mcolcon.colcon_core.package_identification[0m [1;30mLevel 1[0m _identify(src) by extension 'cmake'
[0.374s] [34mcolcon.colcon_core.package_identification[0m [1;30mLevel 1[0m _identify(src) by extension 'python'
[0.374s] [34mcolcon.colcon_core.package_identification[0m [1;30mLevel 1[0m _identify(src) by extensions ['python_setup_py']
[0.374s] [34mcolcon.colcon_core.package_identification[0m [1;30mLevel 1[0m _identify(src) by extension 'python_setup_py'
[0.374s] [34mcolcon.colcon_core.package_identification[0m [1;30mLevel 1[0m _identify(src/hexapod_control) by extensions ['ignore', 'ignore_ament_install']
[0.374s] [34mcolcon.colcon_core.package_identification[0m [1;30mLevel 1[0m _identify(src/hexapod_control) by extension 'ignore'
[0.374s] [34mcolcon.colcon_core.package_identification[0m [1;30mLevel 1[0m _identify(src/hexapod_control) by extension 'ignore_ament_install'
[0.374s] [34mcolcon.colcon_core.package_identification[0m [1;30mLevel 1[0m _identify(src/hexapod_control) by extensions ['colcon_pkg']
[0.374s] [34mcolcon.colcon_core.package_identification[0m [1;30mLevel 1[0m _identify(src/hexapod_control) by extension 'colcon_pkg'
[0.374s] [34mcolcon.colcon_core.package_identification[0m [1;30mLevel 1[0m _identify(src/hexapod_control) by extensions ['colcon_meta']
[0.374s] [34mcolcon.colcon_core.package_identification[0m [1;30mLevel 1[0m _identify(src/hexapod_control) by extension 'colcon_meta'
[0.374s] [34mcolcon.colcon_core.package_identification[0m [1;30mLevel 1[0m _identify(src/hexapod_control) by extensions ['ros']
[0.374s] [34mcolcon.colcon_core.package_identification[0m [1;30mLevel 1[0m _identify(src/hexapod_control) by extension 'ros'
[0.376s] [34mcolcon.colcon_core.package_identification[0m [1;30mDEBUG[0m [32mPackage 'src/hexapod_control' with type 'ros.ament_python' and name 'hexapod_control'[0m
[0.376s] [34mcolcon.colcon_core.package_identification[0m [1;30mLevel 1[0m _identify(src/hexapod_description) by extensions ['ignore', 'ignore_ament_install']
[0.376s] [34mcolcon.colcon_core.package_identification[0m [1;30mLevel 1[0m _identify(src/hexapod_description) by extension 'ignore'
[0.376s] [34mcolcon.colcon_core.package_identification[0m [1;30mLevel 1[0m _identify(src/hexapod_description) by extension 'ignore_ament_install'
[0.376s] [34mcolcon.colcon_core.package_identification[0m [1;30mLevel 1[0m _identify(src/hexapod_description) by extensions ['colcon_pkg']
[0.376s] [34mcolcon.colcon_core.package_identification[0m [1;30mLevel 1[0m _identify(src/hexapod_description) by extension 'colcon_pkg'
[0.376s] [34mcolcon.colcon_core.package_identification[0m [1;30mLevel 1[0m _identify(src/hexapod_description) by extensions ['colcon_meta']
[0.376s] [34mcolcon.colcon_core.package_identification[0m [1;30mLevel 1[0m _identify(src/hexapod_description) by extension 'colcon_meta'
[0.376s] [34mcolcon.colcon_core.package_identification[0m [1;30mLevel 1[0m _identify(src/hexapod_description) by extensions ['ros']
[0.376s] [34mcolcon.colcon_core.package_identification[0m [1;30mLevel 1[0m _identify(src/hexapod_description) by extension 'ros'
[0.377s] [34mcolcon.colcon_core.package_identification[0m [1;30mDEBUG[0m [32mPackage 'src/hexapod_description' with type 'ros.ament_python' and name 'hexapod_description'[0m
[0.377s] [34mcolcon.colcon_core.package_discovery[0m [1;30mLevel 1[0m discover_packages(recursive) using defaults
[0.377s] [34mcolcon.colcon_core.package_discovery[0m [1;30mLevel 1[0m discover_packages(ignore) discover
[0.377s] [34mcolcon.colcon_core.package_discovery[0m [1;30mLevel 1[0m discover_packages(ignore) using defaults
[0.377s] [34mcolcon.colcon_core.package_discovery[0m [1;30mLevel 1[0m discover_packages(path) discover
[0.377s] [34mcolcon.colcon_core.package_discovery[0m [1;30mLevel 1[0m discover_packages(path) using defaults
[0.390s] [34mcolcon.colcon_core.package_discovery[0m [1;30mLevel 1[0m discover_packages(prefix_path) check parameters
[0.390s] [34mcolcon.colcon_core.package_discovery[0m [1;30mLevel 1[0m discover_packages(prefix_path) discover
[0.392s] [34mcolcon.colcon_installed_package_information.package_discovery[0m [1;30mDEBUG[0m [32mFound 6 installed packages in /home/myat/my_ws/install[0m
[0.392s] [34mcolcon.colcon_installed_package_information.package_discovery[0m [1;30mDEBUG[0m [32mFound 5 installed packages in /home/myat/my_uav/install[0m
[0.393s] [34mcolcon.colcon_installed_package_information.package_discovery[0m [1;30mDEBUG[0m [32mFound 2 installed packages in /home/myat/hex_ws/install[0m
[0.394s] [34mcolcon.colcon_installed_package_information.package_discovery[0m [1;30mDEBUG[0m [32mFound 369 installed packages in /opt/ros/humble[0m
[0.396s] [34mcolcon.colcon_core.package_discovery[0m [1;30mLevel 1[0m discover_packages(prefix_path) using defaults
[0.431s] [34mcolcon.colcon_core.verb[0m [1;30mLevel 5[0m set package 'hexapod_control' build argument 'cmake_args' from command line to 'None'
[0.431s] [34mcolcon.colcon_core.verb[0m [1;30mLevel 5[0m set package 'hexapod_control' build argument 'cmake_target' from command line to 'None'
[0.431s] [34mcolcon.colcon_core.verb[0m [1;30mLevel 5[0m set package 'hexapod_control' build argument 'cmake_target_skip_unavailable' from command line to 'False'
[0.431s] [34mcolcon.colcon_core.verb[0m [1;30mLevel 5[0m set package 'hexapod_control' build argument 'cmake_clean_cache' from command line to 'False'
[0.431s] [34mcolcon.colcon_core.verb[0m [1;30mLevel 5[0m set package 'hexapod_control' build argument 'cmake_clean_first' from command line to 'False'
[0.431s] [34mcolcon.colcon_core.verb[0m [1;30mLevel 5[0m set package 'hexapod_control' build argument 'cmake_force_configure' from command line to 'False'
[0.431s] [34mcolcon.colcon_core.verb[0m [1;30mLevel 5[0m set package 'hexapod_control' build argument 'ament_cmake_args' from command line to 'None'
[0.431s] [34mcolcon.colcon_core.verb[0m [1;30mLevel 5[0m set package 'hexapod_control' build argument 'catkin_cmake_args' from command line to 'None'
[0.431s] [34mcolcon.colcon_core.verb[0m [1;30mLevel 5[0m set package 'hexapod_control' build argument 'catkin_skip_building_tests' from command line to 'False'
[0.431s] [34mcolcon.colcon_core.verb[0m [1;30mDEBUG[0m [32mBuilding package 'hexapod_control' with the following arguments: {'ament_cmake_args': None, 'build_base': '/home/myat/hex_ws/build/hexapod_control', 'catkin_cmake_args': None, 'catkin_skip_building_tests': False, 'cmake_args': None, 'cmake_clean_cache': False, 'cmake_clean_first': False, 'cmake_force_configure': False, 'cmake_target': None, 'cmake_target_skip_unavailable': False, 'install_base': '/home/myat/hex_ws/install/hexapod_control', 'merge_install': False, 'path': '/home/myat/hex_ws/src/hexapod_control', 'symlink_install': False, 'test_result_base': None}[0m
[0.431s] [34mcolcon.colcon_core.verb[0m [1;30mLevel 5[0m set package 'hexapod_description' build argument 'cmake_args' from command line to 'None'
[0.431s] [34mcolcon.colcon_core.verb[0m [1;30mLevel 5[0m set package 'hexapod_description' build argument 'cmake_target' from command line to 'None'
[0.431s] [34mcolcon.colcon_core.verb[0m [1;30mLevel 5[0m set package 'hexapod_description' build argument 'cmake_target_skip_unavailable' from command line to 'False'
[0.431s] [34mcolcon.colcon_core.verb[0m [1;30mLevel 5[0m set package 'hexapod_description' build argument 'cmake_clean_cache' from command line to 'False'
[0.431s] [34mcolcon.colcon_core.verb[0m [1;30mLevel 5[0m set package 'hexapod_description' build argument 'cmake_clean_first' from command line to 'False'
[0.431s] [34mcolcon.colcon_core.verb[0m [1;30mLevel 5[0m set package 'hexapod_description' build argument 'cmake_force_configure' from command line to 'False'
[0.432s] [34mcolcon.colcon_core.verb[0m [1;30mLevel 5[0m set package 'hexapod_description' build argument 'ament_cmake_args' from command line to 'None'
[0.432s] [34mcolcon.colcon_core.verb[0m [1;30mLevel 5[0m set package 'hexapod_description' build argument 'catkin_cmake_args' from command line to 'None'
[0.432s] [34mcolcon.colcon_core.verb[0m [1;30mLevel 5[0m set package 'hexapod_description' build argument 'catkin_skip_building_tests' from command line to 'False'
[0.432s] [34mcolcon.colcon_core.verb[0m [1;30mDEBUG[0m [32mBuilding package 'hexapod_description' with the following arguments: {'ament_cmake_args': None, 'build_base': '/home/myat/hex_ws/build/hexapod_description', 'catkin_cmake_args': None, 'catkin_skip_building_tests': False, 'cmake_args': None, 'cmake_clean_cache': False, 'cmake_clean_first': False, 'cmake_force_configure': False, 'cmake_target': None, 'cmake_target_skip_unavailable': False, 'install_base': '/home/myat/hex_ws/install/hexapod_description', 'merge_install': False, 'path': '/home/myat/hex_ws/src/hexapod_description', 'symlink_install': False, 'test_result_base': None}[0m
[0.432s] [34mcolcon.colcon_core.executor[0m [1;30mINFO[0m Executing jobs using 'parallel' executor
[0.433s] [34mcolcon.colcon_parallel_executor.executor.parallel[0m [1;30mDEBUG[0m [32mrun_until_complete[0m
[0.433s] [34mcolcon.colcon_ros.task.ament_python.build[0m [1;30mINFO[0m Building ROS package in '/home/myat/hex_ws/src/hexapod_control' with build type 'ament_python'
[0.434s] [34mcolcon.colcon_core.shell[0m [1;30mLevel 1[0m create_environment_hook('hexapod_control', 'ament_prefix_path')
[0.435s] [34mcolcon.colcon_core.plugin_system[0m [1;30mINFO[0m Skipping extension 'colcon_core.shell.bat': Not used on non-Windows systems
[0.435s] [34mcolcon.colcon_core.shell[0m [1;30mINFO[0m Creating environment hook '/home/myat/hex_ws/install/hexapod_control/share/hexapod_control/hook/ament_prefix_path.ps1'
[0.436s] [34mcolcon.colcon_core.shell[0m [1;30mINFO[0m Creating environment descriptor '/home/myat/hex_ws/install/hexapod_control/share/hexapod_control/hook/ament_prefix_path.dsv'
[0.436s] [34mcolcon.colcon_core.shell[0m [1;30mINFO[0m Creating environment hook '/home/myat/hex_ws/install/hexapod_control/share/hexapod_control/hook/ament_prefix_path.sh'
[0.437s] [34mcolcon.colcon_core.shell[0m [1;30mINFO[0m Skip shell extension 'powershell' for command environment: Not usable outside of PowerShell
[0.437s] [34mcolcon.colcon_core.shell[0m [1;30mDEBUG[0m [32mSkip shell extension 'dsv' for command environment[0m
[0.442s] [34mcolcon.colcon_ros.task.ament_python.build[0m [1;30mINFO[0m Building ROS package in '/home/myat/hex_ws/src/hexapod_description' with build type 'ament_python'
[0.442s] [34mcolcon.colcon_core.shell[0m [1;30mLevel 1[0m create_environment_hook('hexapod_description', 'ament_prefix_path')
[0.442s] [34mcolcon.colcon_core.shell[0m [1;30mINFO[0m Creating environment hook '/home/myat/hex_ws/install/hexapod_description/share/hexapod_description/hook/ament_prefix_path.ps1'
[0.442s] [34mcolcon.colcon_core.shell[0m [1;30mINFO[0m Creating environment descriptor '/home/myat/hex_ws/install/hexapod_description/share/hexapod_description/hook/ament_prefix_path.dsv'
[0.442s] [34mcolcon.colcon_core.shell[0m [1;30mINFO[0m Creating environment hook '/home/myat/hex_ws/install/hexapod_description/share/hexapod_description/hook/ament_prefix_path.sh'
[0.443s] [34mcolcon.colcon_core.shell[0m [1;30mINFO[0m Skip shell extension 'powershell' for command environment: Not usable outside of PowerShell
[0.443s] [34mcolcon.colcon_core.shell[0m [1;30mDEBUG[0m [32mSkip shell extension 'dsv' for command environment[0m
[0.757s] [34mcolcon.colcon_core.task.python.build[0m [1;30mINFO[0m Building Python package in '/home/myat/hex_ws/src/hexapod_control'
[0.758s] [34mcolcon.colcon_core.shell[0m [1;30mINFO[0m Skip shell extension 'powershell' for command environment: Not usable outside of PowerShell
[0.758s] [34mcolcon.colcon_core.shell[0m [1;30mDEBUG[0m [32mSkip shell extension 'dsv' for command environment[0m
[1.074s] [34mcolcon.colcon_core.task.python.build[0m [1;30mINFO[0m Building Python package in '/home/myat/hex_ws/src/hexapod_description'
[1.075s] [34mcolcon.colcon_core.shell[0m [1;30mINFO[0m Skip shell extension 'powershell' for command environment: Not usable outside of PowerShell
[1.075s] [34mcolcon.colcon_core.shell[0m [1;30mDEBUG[0m [32mSkip shell extension 'dsv' for command environment[0m
[1.602s] [34mcolcon.colcon_core.event_handler.log_command[0m [1;30mDEBUG[0m [32mInvoking command in '/home/myat/hex_ws/src/hexapod_control': PYTHONPATH=/home/myat/hex_ws/build/hexapod_control/prefix_override:/usr/lib/python3/dist-packages/colcon_core/task/python/colcon_distutils_commands:/home/myat/hex_ws/install/hexapod_control/lib/python3.10/site-packages:${PYTHONPATH} /usr/bin/python3 -W ignore:setup.py install is deprecated -W ignore:easy_install command is deprecated setup.py egg_info --egg-base ../../build/hexapod_control build --build-base /home/myat/hex_ws/build/hexapod_control/build install --record /home/myat/hex_ws/build/hexapod_control/install.log --single-version-externally-managed install_data[0m
[1.605s] [34mcolcon.colcon_core.event_handler.log_command[0m [1;30mDEBUG[0m [32mInvoking command in '/home/myat/hex_ws/src/hexapod_description': PYTHONPATH=/home/myat/hex_ws/build/hexapod_description/prefix_override:/usr/lib/python3/dist-packages/colcon_core/task/python/colcon_distutils_commands:/home/myat/hex_ws/install/hexapod_description/lib/python3.10/site-packages:${PYTHONPATH} /usr/bin/python3 -W ignore:setup.py install is deprecated -W ignore:easy_install command is deprecated setup.py egg_info --egg-base ../../build/hexapod_description build --build-base /home/myat/hex_ws/build/hexapod_description/build install --record /home/myat/hex_ws/build/hexapod_description/install.log --single-version-externally-managed install_data[0m
[1.956s] [34mcolcon.colcon_core.event_handler.log_command[0m [1;30mDEBUG[0m [32mInvoked command in '/home/myat/hex_ws/src/hexapod_description' returned '0': PYTHONPATH=/home/myat/hex_ws/build/hexapod_description/prefix_override:/usr/lib/python3/dist-packages/colcon_core/task/python/colcon_distutils_commands:/home/myat/hex_ws/install/hexapod_description/lib/python3.10/site-packages:${PYTHONPATH} /usr/bin/python3 -W ignore:setup.py install is deprecated -W ignore:easy_install command is deprecated setup.py egg_info --egg-base ../../build/hexapod_description build --build-base /home/myat/hex_ws/build/hexapod_description/build install --record /home/myat/hex_ws/build/hexapod_description/install.log --single-version-externally-managed install_data[0m
[1.958s] [34mcolcon.colcon_core.environment[0m [1;30mLevel 1[0m checking '/home/myat/hex_ws/install/hexapod_description' for CMake module files
[1.959s] [34mcolcon.colcon_core.environment[0m [1;30mLevel 1[0m checking '/home/myat/hex_ws/install/hexapod_description' for CMake config files
[1.960s] [34mcolcon.colcon_core.environment[0m [1;30mLevel 1[0m checking '/home/myat/hex_ws/install/hexapod_description/lib'
[1.960s] [34mcolcon.colcon_core.environment[0m [1;30mLevel 1[0m checking '/home/myat/hex_ws/install/hexapod_description/bin'
[1.960s] [34mcolcon.colcon_core.environment[0m [1;30mLevel 1[0m checking '/home/myat/hex_ws/install/hexapod_description/lib/pkgconfig/hexapod_description.pc'
[1.960s] [34mcolcon.colcon_core.environment[0m [1;30mLevel 1[0m checking '/home/myat/hex_ws/install/hexapod_description/lib/python3.10/site-packages'
[1.960s] [34mcolcon.colcon_core.shell[0m [1;30mLevel 1[0m create_environment_hook('hexapod_description', 'pythonpath')
[1.960s] [34mcolcon.colcon_core.shell[0m [1;30mINFO[0m Creating environment hook '/home/myat/hex_ws/install/hexapod_description/share/hexapod_description/hook/pythonpath.ps1'
[1.961s] [34mcolcon.colcon_core.shell[0m [1;30mINFO[0m Creating environment descriptor '/home/myat/hex_ws/install/hexapod_description/share/hexapod_description/hook/pythonpath.dsv'
[1.961s] [34mcolcon.colcon_core.shell[0m [1;30mINFO[0m Creating environment hook '/home/myat/hex_ws/install/hexapod_description/share/hexapod_description/hook/pythonpath.sh'
[1.962s] [34mcolcon.colcon_core.environment[0m [1;30mLevel 1[0m checking '/home/myat/hex_ws/install/hexapod_description/bin'
[1.962s] [34mcolcon.colcon_core.environment[0m [1;30mLevel 1[0m create_environment_scripts_only(hexapod_description)
[1.962s] [34mcolcon.colcon_core.shell[0m [1;30mINFO[0m Creating package script '/home/myat/hex_ws/install/hexapod_description/share/hexapod_description/package.ps1'
[1.963s] [34mcolcon.colcon_core.shell[0m [1;30mINFO[0m Creating package descriptor '/home/myat/hex_ws/install/hexapod_description/share/hexapod_description/package.dsv'
[1.963s] [34mcolcon.colcon_core.shell[0m [1;30mINFO[0m Creating package script '/home/myat/hex_ws/install/hexapod_description/share/hexapod_description/package.sh'
[1.964s] [34mcolcon.colcon_core.shell[0m [1;30mINFO[0m Creating package script '/home/myat/hex_ws/install/hexapod_description/share/hexapod_description/package.bash'
[1.964s] [34mcolcon.colcon_core.shell[0m [1;30mINFO[0m Creating package script '/home/myat/hex_ws/install/hexapod_description/share/hexapod_description/package.zsh'
[1.965s] [34mcolcon.colcon_core.environment[0m [1;30mLevel 1[0m create_file_with_runtime_dependencies(/home/myat/hex_ws/install/hexapod_description/share/colcon-core/packages/hexapod_description)
[1.966s] [34mcolcon.colcon_core.environment[0m [1;30mLevel 1[0m checking '/home/myat/hex_ws/install/hexapod_control' for CMake module files
[1.967s] [34mcolcon.colcon_core.environment[0m [1;30mLevel 1[0m checking '/home/myat/hex_ws/install/hexapod_control' for CMake config files
[1.967s] [34mcolcon.colcon_core.event_handler.log_command[0m [1;30mDEBUG[0m [32mInvoked command in '/home/myat/hex_ws/src/hexapod_control' returned '0': PYTHONPATH=/home/myat/hex_ws/build/hexapod_control/prefix_override:/usr/lib/python3/dist-packages/colcon_core/task/python/colcon_distutils_commands:/home/myat/hex_ws/install/hexapod_control/lib/python3.10/site-packages:${PYTHONPATH} /usr/bin/python3 -W ignore:setup.py install is deprecated -W ignore:easy_install command is deprecated setup.py egg_info --egg-base ../../build/hexapod_control build --build-base /home/myat/hex_ws/build/hexapod_control/build install --record /home/myat/hex_ws/build/hexapod_control/install.log --single-version-externally-managed install_data[0m
[1.967s] [34mcolcon.colcon_core.environment[0m [1;30mLevel 1[0m checking '/home/myat/hex_ws/install/hexapod_control/lib'
[1.967s] [34mcolcon.colcon_core.environment[0m [1;30mLevel 1[0m checking '/home/myat/hex_ws/install/hexapod_control/bin'
[1.968s] [34mcolcon.colcon_core.environment[0m [1;30mLevel 1[0m checking '/home/myat/hex_ws/install/hexapod_control/lib/pkgconfig/hexapod_control.pc'
[1.968s] [34mcolcon.colcon_core.environment[0m [1;30mLevel 1[0m checking '/home/myat/hex_ws/install/hexapod_control/lib/python3.10/site-packages'
[1.968s] [34mcolcon.colcon_core.shell[0m [1;30mLevel 1[0m create_environment_hook('hexapod_control', 'pythonpath')
[1.968s] [34mcolcon.colcon_core.shell[0m [1;30mINFO[0m Creating environment hook '/home/myat/hex_ws/install/hexapod_control/share/hexapod_control/hook/pythonpath.ps1'
[1.969s] [34mcolcon.colcon_core.shell[0m [1;30mINFO[0m Creating environment descriptor '/home/myat/hex_ws/install/hexapod_control/share/hexapod_control/hook/pythonpath.dsv'
[1.969s] [34mcolcon.colcon_core.shell[0m [1;30mINFO[0m Creating environment hook '/home/myat/hex_ws/install/hexapod_control/share/hexapod_control/hook/pythonpath.sh'
[1.969s] [34mcolcon.colcon_core.environment[0m [1;30mLevel 1[0m checking '/home/myat/hex_ws/install/hexapod_control/bin'
[1.970s] [34mcolcon.colcon_core.environment[0m [1;30mLevel 1[0m create_environment_scripts_only(hexapod_control)
[1.970s] [34mcolcon.colcon_core.shell[0m [1;30mINFO[0m Creating package script '/home/myat/hex_ws/install/hexapod_control/share/hexapod_control/package.ps1'
[1.970s] [34mcolcon.colcon_core.shell[0m [1;30mINFO[0m Creating package descriptor '/home/myat/hex_ws/install/hexapod_control/share/hexapod_control/package.dsv'
[1.971s] [34mcolcon.colcon_core.shell[0m [1;30mINFO[0m Creating package script '/home/myat/hex_ws/install/hexapod_control/share/hexapod_control/package.sh'
[1.971s] [34mcolcon.colcon_core.shell[0m [1;30mINFO[0m Creating package script '/home/myat/hex_ws/install/hexapod_control/share/hexapod_control/package.bash'
[1.971s] [34mcolcon.colcon_core.shell[0m [1;30mINFO[0m Creating package script '/home/myat/hex_ws/install/hexapod_control/share/hexapod_control/package.zsh'
[1.971s] [34mcolcon.colcon_core.environment[0m [1;30mLevel 1[0m create_file_with_runtime_dependencies(/home/myat/hex_ws/install/hexapod_control/share/colcon-core/packages/hexapod_control)
[1.972s] [34mcolcon.colcon_parallel_executor.executor.parallel[0m [1;30mDEBUG[0m [32mclosing loop[0m
[1.972s] [34mcolcon.colcon_parallel_executor.executor.parallel[0m [1;30mDEBUG[0m [32mloop closed[0m
[1.972s] [34mcolcon.colcon_parallel_executor.executor.parallel[0m [1;30mDEBUG[0m [32mrun_until_complete finished with '0'[0m
[1.972s] [34mcolcon.colcon_core.event_reactor[0m [1;30mDEBUG[0m [32mjoining thread[0m
[1.978s] [34mcolcon.colcon_core.plugin_system[0m [1;30mINFO[0m Skipping extension 'colcon_notification.desktop_notification.terminal_notifier': Not used on non-Darwin systems
[1.979s] [34mcolcon.colcon_core.plugin_system[0m [1;30mINFO[0m Skipping extension 'colcon_notification.desktop_notification.win32': Not used on non-Windows systems
[1.979s] [34mcolcon.colcon_notification.desktop_notification[0m [1;30mINFO[0m Sending desktop notification using 'notify2'
[1.990s] [34mcolcon.colcon_core.event_reactor[0m [1;30mDEBUG[0m [32mjoined thread[0m
[1.991s] [34mcolcon.colcon_core.shell[0m [1;30mINFO[0m Creating prefix script '/home/myat/hex_ws/install/local_setup.ps1'
[1.992s] [34mcolcon.colcon_core.shell[0m [1;30mINFO[0m Creating prefix util module '/home/myat/hex_ws/install/_local_setup_util_ps1.py'
[1.993s] [34mcolcon.colcon_core.shell[0m [1;30mINFO[0m Creating prefix chain script '/home/myat/hex_ws/install/setup.ps1'
[1.995s] [34mcolcon.colcon_core.shell[0m [1;30mINFO[0m Creating prefix script '/home/myat/hex_ws/install/local_setup.sh'
[1.995s] [34mcolcon.colcon_core.shell[0m [1;30mINFO[0m Creating prefix util module '/home/myat/hex_ws/install/_local_setup_util_sh.py'
[1.996s] [34mcolcon.colcon_core.shell[0m [1;30mINFO[0m Creating prefix chain script '/home/myat/hex_ws/install/setup.sh'
[1.997s] [34mcolcon.colcon_core.shell[0m [1;30mINFO[0m Creating prefix script '/home/myat/hex_ws/install/local_setup.bash'
[1.997s] [34mcolcon.colcon_core.shell[0m [1;30mINFO[0m Creating prefix chain script '/home/myat/hex_ws/install/setup.bash'
[1.999s] [34mcolcon.colcon_core.shell[0m [1;30mINFO[0m Creating prefix script '/home/myat/hex_ws/install/local_setup.zsh'
[1.999s] [34mcolcon.colcon_core.shell[0m [1;30mINFO[0m Creating prefix chain script '/home/myat/hex_ws/install/setup.zsh'
