running egg_info
writing ../../build/hexapod_description/hexapod_description.egg-info/PKG-INFO
writing dependency_links to ../../build/hexapod_description/hexapod_description.egg-info/dependency_links.txt
deleting ../../build/hexapod_description/hexapod_description.egg-info/entry_points.txt
writing requirements to ../../build/hexapod_description/hexapod_description.egg-info/requires.txt
writing top-level names to ../../build/hexapod_description/hexapod_description.egg-info/top_level.txt
reading manifest file '../../build/hexapod_description/hexapod_description.egg-info/SOURCES.txt'
writing manifest file '../../build/hexapod_description/hexapod_description.egg-info/SOURCES.txt'
running build
running build_py
running install
running install_lib
creating /home/cattleya/hexapod/install/hexapod_description/lib/python3.12/site-packages/hexapod_description
copying /home/cattleya/hexapod/build/hexapod_description/build/lib/hexapod_description/__init__.py -> /home/cattleya/hexapod/install/hexapod_description/lib/python3.12/site-packages/hexapod_description
byte-compiling /home/cattleya/hexapod/install/hexapod_description/lib/python3.12/site-packages/hexapod_description/__init__.py to __init__.cpython-312.pyc
running install_data
running install_egg_info
Copying ../../build/hexapod_description/hexapod_description.egg-info to /home/cattleya/hexapod/install/hexapod_description/lib/python3.12/site-packages/hexapod_description-0.0.0-py3.12.egg-info
running install_scripts
writing list of installed files to '/home/cattleya/hexapod/build/hexapod_description/install.log'
