[0.492s] Invoking command in '/home/cattleya/hexapod/src/hexapod_control': DEBUGINFOD_URLS=https://debuginfod.ubuntu.com PYTHONPATH=/home/cattleya/hexapod/build/hexapod_control/prefix_override:/usr/lib/python3/dist-packages/colcon_core/task/python/colcon_distutils_commands:/home/cattleya/hexapod/install/hexapod_control/lib/python3.12/site-packages:${PYTHONPATH} /usr/bin/python3 -W ignore:setup.py install is deprecated -W ignore:easy_install command is deprecated setup.py egg_info --egg-base ../../build/hexapod_control build --build-base /home/cattleya/hexapod/build/hexapod_control/build install --record /home/cattleya/hexapod/build/hexapod_control/install.log --single-version-externally-managed install_data
[0.617s] running egg_info
[0.625s] writing ../../build/hexapod_control/hexapod_control.egg-info/PKG-INFO
[0.625s] writing dependency_links to ../../build/hexapod_control/hexapod_control.egg-info/dependency_links.txt
[0.625s] writing entry points to ../../build/hexapod_control/hexapod_control.egg-info/entry_points.txt
[0.625s] writing requirements to ../../build/hexapod_control/hexapod_control.egg-info/requires.txt
[0.625s] writing top-level names to ../../build/hexapod_control/hexapod_control.egg-info/top_level.txt
[0.642s] reading manifest file '../../build/hexapod_control/hexapod_control.egg-info/SOURCES.txt'
[0.642s] writing manifest file '../../build/hexapod_control/hexapod_control.egg-info/SOURCES.txt'
[0.642s] running build
[0.642s] running build_py
[0.642s] copying hexapod_control/tripod_gait_node.py -> /home/cattleya/hexapod/build/hexapod_control/build/lib/hexapod_control
[0.642s] running install
[0.646s] running install_lib
[0.654s] copying /home/cattleya/hexapod/build/hexapod_control/build/lib/hexapod_control/tripod_gait_node.py -> /home/cattleya/hexapod/install/hexapod_control/lib/python3.12/site-packages/hexapod_control
[0.654s] byte-compiling /home/cattleya/hexapod/install/hexapod_control/lib/python3.12/site-packages/hexapod_control/tripod_gait_node.py to tripod_gait_node.cpython-312.pyc
[0.655s] running install_data
[0.655s] running install_egg_info
[0.664s] removing '/home/cattleya/hexapod/install/hexapod_control/lib/python3.12/site-packages/hexapod_control-0.0.0-py3.12.egg-info' (and everything under it)
[0.664s] Copying ../../build/hexapod_control/hexapod_control.egg-info to /home/cattleya/hexapod/install/hexapod_control/lib/python3.12/site-packages/hexapod_control-0.0.0-py3.12.egg-info
[0.664s] running install_scripts
[0.721s] Installing hopf_cpg_tripod_node script to /home/cattleya/hexapod/install/hexapod_control/lib/hexapod_control
[0.721s] Installing tripod_gait_node script to /home/cattleya/hexapod/install/hexapod_control/lib/hexapod_control
[0.721s] writing list of installed files to '/home/cattleya/hexapod/build/hexapod_control/install.log'
[0.736s] Invoked command in '/home/cattleya/hexapod/src/hexapod_control' returned '0': DEBUGINFOD_URLS=https://debuginfod.ubuntu.com PYTHONPATH=/home/cattleya/hexapod/build/hexapod_control/prefix_override:/usr/lib/python3/dist-packages/colcon_core/task/python/colcon_distutils_commands:/home/cattleya/hexapod/install/hexapod_control/lib/python3.12/site-packages:${PYTHONPATH} /usr/bin/python3 -W ignore:setup.py install is deprecated -W ignore:easy_install command is deprecated setup.py egg_info --egg-base ../../build/hexapod_control build --build-base /home/cattleya/hexapod/build/hexapod_control/build install --record /home/cattleya/hexapod/build/hexapod_control/install.log --single-version-externally-managed install_data
