[1.168s] Invoking command in '/home/myat/hex_ws/build/hexapod_control': PYTHONPATH=/home/myat/hex_ws/build/hexapod_control/prefix_override:/usr/lib/python3/dist-packages/colcon_core/task/python/colcon_distutils_commands:/home/myat/hex_ws/install/hexapod_control/lib/python3.10/site-packages:${PYTHONPATH} /usr/bin/python3 -W ignore:setup.py install is deprecated -W ignore:easy_install command is deprecated setup.py develop --uninstall --editable --build-directory /home/myat/hex_ws/build/hexapod_control/build
[1.470s] running develop
[1.701s] Removing /home/myat/hex_ws/install/hexapod_control/lib/python3.10/site-packages/hexapod-control.egg-link (link to .)
[1.755s] Invoked command in '/home/myat/hex_ws/build/hexapod_control' returned '0': PYTHONPATH=/home/myat/hex_ws/build/hexapod_control/prefix_override:/usr/lib/python3/dist-packages/colcon_core/task/python/colcon_distutils_commands:/home/myat/hex_ws/install/hexapod_control/lib/python3.10/site-packages:${PYTHONPATH} /usr/bin/python3 -W ignore:setup.py install is deprecated -W ignore:easy_install command is deprecated setup.py develop --uninstall --editable --build-directory /home/myat/hex_ws/build/hexapod_control/build
[1.757s] Invoking command in '/home/myat/hex_ws/src/hexapod_control': PYTHONPATH=/home/myat/hex_ws/build/hexapod_control/prefix_override:/usr/lib/python3/dist-packages/colcon_core/task/python/colcon_distutils_commands:/home/myat/hex_ws/install/hexapod_control/lib/python3.10/site-packages:${PYTHONPATH} /usr/bin/python3 -W ignore:setup.py install is deprecated -W ignore:easy_install command is deprecated setup.py egg_info --egg-base ../../build/hexapod_control build --build-base /home/myat/hex_ws/build/hexapod_control/build install --record /home/myat/hex_ws/build/hexapod_control/install.log --single-version-externally-managed install_data --force
[2.048s] running egg_info
[2.049s] writing ../../build/hexapod_control/hexapod_control.egg-info/PKG-INFO
[2.049s] writing dependency_links to ../../build/hexapod_control/hexapod_control.egg-info/dependency_links.txt
[2.050s] writing entry points to ../../build/hexapod_control/hexapod_control.egg-info/entry_points.txt
[2.050s] writing requirements to ../../build/hexapod_control/hexapod_control.egg-info/requires.txt
[2.050s] writing top-level names to ../../build/hexapod_control/hexapod_control.egg-info/top_level.txt
[2.052s] reading manifest file '../../build/hexapod_control/hexapod_control.egg-info/SOURCES.txt'
[2.053s] writing manifest file '../../build/hexapod_control/hexapod_control.egg-info/SOURCES.txt'
[2.053s] running build
[2.053s] running build_py
[2.053s] copying hexapod_control/hopf_cpg_tripod_node.py -> /home/myat/hex_ws/build/hexapod_control/build/lib/hexapod_control
[2.054s] running install
[2.054s] running install_lib
[2.055s] creating /home/myat/hex_ws/install/hexapod_control/lib/python3.10/site-packages/hexapod_control
[2.055s] copying /home/myat/hex_ws/build/hexapod_control/build/lib/hexapod_control/hopf_cpg_tripod_node.py -> /home/myat/hex_ws/install/hexapod_control/lib/python3.10/site-packages/hexapod_control
[2.055s] copying /home/myat/hex_ws/build/hexapod_control/build/lib/hexapod_control/tripod_gait_node.py -> /home/myat/hex_ws/install/hexapod_control/lib/python3.10/site-packages/hexapod_control
[2.055s] copying /home/myat/hex_ws/build/hexapod_control/build/lib/hexapod_control/pd_tripod.py -> /home/myat/hex_ws/install/hexapod_control/lib/python3.10/site-packages/hexapod_control
[2.055s] copying /home/myat/hex_ws/build/hexapod_control/build/lib/hexapod_control/__init__.py -> /home/myat/hex_ws/install/hexapod_control/lib/python3.10/site-packages/hexapod_control
[2.055s] byte-compiling /home/myat/hex_ws/install/hexapod_control/lib/python3.10/site-packages/hexapod_control/hopf_cpg_tripod_node.py to hopf_cpg_tripod_node.cpython-310.pyc
[2.057s] byte-compiling /home/myat/hex_ws/install/hexapod_control/lib/python3.10/site-packages/hexapod_control/tripod_gait_node.py to tripod_gait_node.cpython-310.pyc
[2.058s] byte-compiling /home/myat/hex_ws/install/hexapod_control/lib/python3.10/site-packages/hexapod_control/pd_tripod.py to pd_tripod.cpython-310.pyc
[2.058s] byte-compiling /home/myat/hex_ws/install/hexapod_control/lib/python3.10/site-packages/hexapod_control/__init__.py to __init__.cpython-310.pyc
[2.058s] running install_data
[2.058s] copying resource/hexapod_control -> /home/myat/hex_ws/install/hexapod_control/share/ament_index/resource_index/packages
[2.058s] copying package.xml -> /home/myat/hex_ws/install/hexapod_control/share/hexapod_control
[2.058s] copying launch/spawn_hexapod_gz.launch.py -> /home/myat/hex_ws/install/hexapod_control/share/hexapod_control/launch
[2.058s] copying launch/tripod_control.launch.py -> /home/myat/hex_ws/install/hexapod_control/share/hexapod_control/launch
[2.059s] copying config/controllers.yaml -> /home/myat/hex_ws/install/hexapod_control/share/hexapod_control/config
[2.059s] running install_egg_info
[2.061s] Copying ../../build/hexapod_control/hexapod_control.egg-info to /home/myat/hex_ws/install/hexapod_control/lib/python3.10/site-packages/hexapod_control-0.0.0-py3.10.egg-info
[2.062s] running install_scripts
[2.081s] Installing hopf_cpg_tripod_node script to /home/myat/hex_ws/install/hexapod_control/lib/hexapod_control
[2.082s] Installing tripod_gait_node script to /home/myat/hex_ws/install/hexapod_control/lib/hexapod_control
[2.082s] writing list of installed files to '/home/myat/hex_ws/build/hexapod_control/install.log'
[2.127s] Invoked command in '/home/myat/hex_ws/src/hexapod_control' returned '0': PYTHONPATH=/home/myat/hex_ws/build/hexapod_control/prefix_override:/usr/lib/python3/dist-packages/colcon_core/task/python/colcon_distutils_commands:/home/myat/hex_ws/install/hexapod_control/lib/python3.10/site-packages:${PYTHONPATH} /usr/bin/python3 -W ignore:setup.py install is deprecated -W ignore:easy_install command is deprecated setup.py egg_info --egg-base ../../build/hexapod_control build --build-base /home/myat/hex_ws/build/hexapod_control/build install --record /home/myat/hex_ws/build/hexapod_control/install.log --single-version-externally-managed install_data --force
