running egg_info
creating ../../build/hexapod_description/hexapod_description.egg-info
writing ../../build/hexapod_description/hexapod_description.egg-info/PKG-INFO
writing dependency_links to ../../build/hexapod_description/hexapod_description.egg-info/dependency_links.txt
writing entry points to ../../build/hexapod_description/hexapod_description.egg-info/entry_points.txt
writing requirements to ../../build/hexapod_description/hexapod_description.egg-info/requires.txt
writing top-level names to ../../build/hexapod_description/hexapod_description.egg-info/top_level.txt
writing manifest file '../../build/hexapod_description/hexapod_description.egg-info/SOURCES.txt'
reading manifest file '../../build/hexapod_description/hexapod_description.egg-info/SOURCES.txt'
writing manifest file '../../build/hexapod_description/hexapod_description.egg-info/SOURCES.txt'
running build
running build_py
creating /home/myat/hex_ws/build/hexapod_description/build
creating /home/myat/hex_ws/build/hexapod_description/build/lib
creating /home/myat/hex_ws/build/hexapod_description/build/lib/hexapod_description
copying hexapod_description/__init__.py -> /home/myat/hex_ws/build/hexapod_description/build/lib/hexapod_description
running install
running install_lib
creating /home/myat/hex_ws/install/hexapod_description/lib/python3.10/site-packages/hexapod_description
copying /home/myat/hex_ws/build/hexapod_description/build/lib/hexapod_description/__init__.py -> /home/myat/hex_ws/install/hexapod_description/lib/python3.10/site-packages/hexapod_description
byte-compiling /home/myat/hex_ws/install/hexapod_description/lib/python3.10/site-packages/hexapod_description/__init__.py to __init__.cpython-310.pyc
running install_data
creating /home/myat/hex_ws/install/hexapod_description/share/ament_index
creating /home/myat/hex_ws/install/hexapod_description/share/ament_index/resource_index
creating /home/myat/hex_ws/install/hexapod_description/share/ament_index/resource_index/packages
copying resource/hexapod_description -> /home/myat/hex_ws/install/hexapod_description/share/ament_index/resource_index/packages
copying package.xml -> /home/myat/hex_ws/install/hexapod_description/share/hexapod_description
creating /home/myat/hex_ws/install/hexapod_description/share/hexapod_description/urdf
copying urdf/hexapod.urdf -> /home/myat/hex_ws/install/hexapod_description/share/hexapod_description/urdf
creating /home/myat/hex_ws/install/hexapod_description/share/hexapod_description/world
copying world/default.sdf -> /home/myat/hex_ws/install/hexapod_description/share/hexapod_description/world
running install_egg_info
Copying ../../build/hexapod_description/hexapod_description.egg-info to /home/myat/hex_ws/install/hexapod_description/lib/python3.10/site-packages/hexapod_description-0.0.0-py3.10.egg-info
running install_scripts
writing list of installed files to '/home/myat/hex_ws/build/hexapod_description/install.log'
