/home/myat/hex_ws/install/hexapod_control/lib/python3.10/site-packages/hexapod_control/hopf_cpg_tripod_node.py
/home/myat/hex_ws/install/hexapod_control/lib/python3.10/site-packages/hexapod_control/tripod_gait_node.py
/home/myat/hex_ws/install/hexapod_control/lib/python3.10/site-packages/hexapod_control/pd_tripod.py
/home/myat/hex_ws/install/hexapod_control/lib/python3.10/site-packages/hexapod_control/__init__.py
/home/myat/hex_ws/install/hexapod_control/lib/python3.10/site-packages/hexapod_control/__pycache__/hopf_cpg_tripod_node.cpython-310.pyc
/home/myat/hex_ws/install/hexapod_control/lib/python3.10/site-packages/hexapod_control/__pycache__/tripod_gait_node.cpython-310.pyc
/home/myat/hex_ws/install/hexapod_control/lib/python3.10/site-packages/hexapod_control/__pycache__/pd_tripod.cpython-310.pyc
/home/myat/hex_ws/install/hexapod_control/lib/python3.10/site-packages/hexapod_control/__pycache__/__init__.cpython-310.pyc
/home/myat/hex_ws/install/hexapod_control/share/ament_index/resource_index/packages/hexapod_control
/home/myat/hex_ws/install/hexapod_control/share/hexapod_control/package.xml
/home/myat/hex_ws/install/hexapod_control/share/hexapod_control/launch/spawn_hexapod_gz.launch.py
/home/myat/hex_ws/install/hexapod_control/share/hexapod_control/launch/tripod_control.launch.py
/home/myat/hex_ws/install/hexapod_control/share/hexapod_control/config/controllers.yaml
/home/myat/hex_ws/install/hexapod_control/lib/python3.10/site-packages/hexapod_control-0.0.0-py3.10.egg-info/top_level.txt
/home/myat/hex_ws/install/hexapod_control/lib/python3.10/site-packages/hexapod_control-0.0.0-py3.10.egg-info/SOURCES.txt
/home/myat/hex_ws/install/hexapod_control/lib/python3.10/site-packages/hexapod_control-0.0.0-py3.10.egg-info/zip-safe
/home/myat/hex_ws/install/hexapod_control/lib/python3.10/site-packages/hexapod_control-0.0.0-py3.10.egg-info/PKG-INFO
/home/myat/hex_ws/install/hexapod_control/lib/python3.10/site-packages/hexapod_control-0.0.0-py3.10.egg-info/entry_points.txt
/home/myat/hex_ws/install/hexapod_control/lib/python3.10/site-packages/hexapod_control-0.0.0-py3.10.egg-info/requires.txt
/home/myat/hex_ws/install/hexapod_control/lib/python3.10/site-packages/hexapod_control-0.0.0-py3.10.egg-info/dependency_links.txt
/home/myat/hex_ws/install/hexapod_control/lib/hexapod_control/hopf_cpg_tripod_node
/home/myat/hex_ws/install/hexapod_control/lib/hexapod_control/tripod_gait_node
