[0.454s] Invoking command in '/home/cattleya/hexapod/src/hexapod_control': DEBUGINFOD_URLS=https://debuginfod.ubuntu.com PYTHONPATH=/home/cattleya/hexapod/build/hexapod_control/prefix_override:/usr/lib/python3/dist-packages/colcon_core/task/python/colcon_distutils_commands:/home/cattleya/hexapod/install/hexapod_control/lib/python3.12/site-packages:${PYTHONPATH} /usr/bin/python3 -W ignore:setup.py install is deprecated -W ignore:easy_install command is deprecated setup.py egg_info --egg-base ../../build/hexapod_control build --build-base /home/cattleya/hexapod/build/hexapod_control/build install --record /home/cattleya/hexapod/build/hexapod_control/install.log --single-version-externally-managed install_data
[0.575s] running egg_info
[0.582s] writing ../../build/hexapod_control/hexapod_control.egg-info/PKG-INFO
[0.583s] writing dependency_links to ../../build/hexapod_control/hexapod_control.egg-info/dependency_links.txt
[0.583s] writing entry points to ../../build/hexapod_control/hexapod_control.egg-info/entry_points.txt
[0.583s] writing requirements to ../../build/hexapod_control/hexapod_control.egg-info/requires.txt
[0.583s] writing top-level names to ../../build/hexapod_control/hexapod_control.egg-info/top_level.txt
[0.603s] reading manifest file '../../build/hexapod_control/hexapod_control.egg-info/SOURCES.txt'
[0.603s] writing manifest file '../../build/hexapod_control/hexapod_control.egg-info/SOURCES.txt'
[0.603s] running build
[0.604s] running build_py
[0.604s] running install
[0.609s] running install_lib
[0.619s] running install_data
[0.619s] running install_egg_info
[0.628s] removing '/home/cattleya/hexapod/install/hexapod_control/lib/python3.12/site-packages/hexapod_control-0.0.0-py3.12.egg-info' (and everything under it)
[0.628s] Copying ../../build/hexapod_control/hexapod_control.egg-info to /home/cattleya/hexapod/install/hexapod_control/lib/python3.12/site-packages/hexapod_control-0.0.0-py3.12.egg-info
[0.628s] running install_scripts
[0.684s] Installing hopf_cpg_tripod_node script to /home/cattleya/hexapod/install/hexapod_control/lib/hexapod_control
[0.685s] Installing tripod_gait_node script to /home/cattleya/hexapod/install/hexapod_control/lib/hexapod_control
[0.685s] writing list of installed files to '/home/cattleya/hexapod/build/hexapod_control/install.log'
[0.701s] Invoked command in '/home/cattleya/hexapod/src/hexapod_control' returned '0': DEBUGINFOD_URLS=https://debuginfod.ubuntu.com PYTHONPATH=/home/cattleya/hexapod/build/hexapod_control/prefix_override:/usr/lib/python3/dist-packages/colcon_core/task/python/colcon_distutils_commands:/home/cattleya/hexapod/install/hexapod_control/lib/python3.12/site-packages:${PYTHONPATH} /usr/bin/python3 -W ignore:setup.py install is deprecated -W ignore:easy_install command is deprecated setup.py egg_info --egg-base ../../build/hexapod_control build --build-base /home/cattleya/hexapod/build/hexapod_control/build install --record /home/cattleya/hexapod/build/hexapod_control/install.log --single-version-externally-managed install_data
