[0.581s] Invoking command in '/home/cattleya/hexapod/src/hexapod_control': DEBUGINFOD_URLS=https://debuginfod.ubuntu.com PYTHONPATH=/home/cattleya/hexapod/build/hexapod_control/prefix_override:/usr/lib/python3/dist-packages/colcon_core/task/python/colcon_distutils_commands:/home/cattleya/hexapod/install/hexapod_control/lib/python3.12/site-packages:${PYTHONPATH} /usr/bin/python3 -W ignore:setup.py install is deprecated -W ignore:easy_install command is deprecated setup.py egg_info --egg-base ../../build/hexapod_control build --build-base /home/cattleya/hexapod/build/hexapod_control/build install --record /home/cattleya/hexapod/build/hexapod_control/install.log --single-version-externally-managed install_data
[0.719s] running egg_info
[0.728s] writing ../../build/hexapod_control/hexapod_control.egg-info/PKG-INFO
[0.728s] writing dependency_links to ../../build/hexapod_control/hexapod_control.egg-info/dependency_links.txt
[0.728s] writing entry points to ../../build/hexapod_control/hexapod_control.egg-info/entry_points.txt
[0.729s] writing requirements to ../../build/hexapod_control/hexapod_control.egg-info/requires.txt
[0.729s] writing top-level names to ../../build/hexapod_control/hexapod_control.egg-info/top_level.txt
[0.747s] reading manifest file '../../build/hexapod_control/hexapod_control.egg-info/SOURCES.txt'
[0.748s] writing manifest file '../../build/hexapod_control/hexapod_control.egg-info/SOURCES.txt'
[0.748s] running build
[0.748s] running build_py
[0.748s] copying hexapod_control/ik_tripod.py -> /home/cattleya/hexapod/build/hexapod_control/build/lib/hexapod_control
[0.748s] running install
[0.752s] running install_lib
[0.761s] copying /home/cattleya/hexapod/build/hexapod_control/build/lib/hexapod_control/ik_tripod.py -> /home/cattleya/hexapod/install/hexapod_control/lib/python3.12/site-packages/hexapod_control
[0.761s] byte-compiling /home/cattleya/hexapod/install/hexapod_control/lib/python3.12/site-packages/hexapod_control/ik_tripod.py to ik_tripod.cpython-312.pyc
[0.762s] running install_data
[0.762s] copying launch/spawn_hexapod_gz.launch.py -> /home/cattleya/hexapod/install/hexapod_control/share/hexapod_control/launch
[0.762s] running install_egg_info
[0.772s] removing '/home/cattleya/hexapod/install/hexapod_control/lib/python3.12/site-packages/hexapod_control-0.0.0-py3.12.egg-info' (and everything under it)
[0.772s] Copying ../../build/hexapod_control/hexapod_control.egg-info to /home/cattleya/hexapod/install/hexapod_control/lib/python3.12/site-packages/hexapod_control-0.0.0-py3.12.egg-info
[0.773s] running install_scripts
[0.838s] Installing hopf_cpg_tripod_node script to /home/cattleya/hexapod/install/hexapod_control/lib/hexapod_control
[0.838s] Installing ik_tripod script to /home/cattleya/hexapod/install/hexapod_control/lib/hexapod_control
[0.838s] Installing imu script to /home/cattleya/hexapod/install/hexapod_control/lib/hexapod_control
[0.838s] Installing tripod_gait_node script to /home/cattleya/hexapod/install/hexapod_control/lib/hexapod_control
[0.838s] writing list of installed files to '/home/cattleya/hexapod/build/hexapod_control/install.log'
[0.852s] Invoked command in '/home/cattleya/hexapod/src/hexapod_control' returned '0': DEBUGINFOD_URLS=https://debuginfod.ubuntu.com PYTHONPATH=/home/cattleya/hexapod/build/hexapod_control/prefix_override:/usr/lib/python3/dist-packages/colcon_core/task/python/colcon_distutils_commands:/home/cattleya/hexapod/install/hexapod_control/lib/python3.12/site-packages:${PYTHONPATH} /usr/bin/python3 -W ignore:setup.py install is deprecated -W ignore:easy_install command is deprecated setup.py egg_info --egg-base ../../build/hexapod_control build --build-base /home/cattleya/hexapod/build/hexapod_control/build install --record /home/cattleya/hexapod/build/hexapod_control/install.log --single-version-externally-managed install_data
