[1.163s] Invoking command in '/home/myat/hex_ws/build/hexapod_description': PYTHONPATH=/home/myat/hex_ws/build/hexapod_description/prefix_override:/usr/lib/python3/dist-packages/colcon_core/task/python/colcon_distutils_commands:/home/myat/hex_ws/install/hexapod_description/lib/python3.10/site-packages:${PYTHONPATH} /usr/bin/python3 -W ignore:setup.py install is deprecated -W ignore:easy_install command is deprecated setup.py develop --uninstall --editable --build-directory /home/myat/hex_ws/build/hexapod_description/build
[1.462s] running develop
[1.693s] Removing /home/myat/hex_ws/install/hexapod_description/lib/python3.10/site-packages/hexapod-description.egg-link (link to .)
[1.750s] Invoked command in '/home/myat/hex_ws/build/hexapod_description' returned '0': PYTHONPATH=/home/myat/hex_ws/build/hexapod_description/prefix_override:/usr/lib/python3/dist-packages/colcon_core/task/python/colcon_distutils_commands:/home/myat/hex_ws/install/hexapod_description/lib/python3.10/site-packages:${PYTHONPATH} /usr/bin/python3 -W ignore:setup.py install is deprecated -W ignore:easy_install command is deprecated setup.py develop --uninstall --editable --build-directory /home/myat/hex_ws/build/hexapod_description/build
[1.752s] Invoking command in '/home/myat/hex_ws/src/hexapod_description': PYTHONPATH=/home/myat/hex_ws/build/hexapod_description/prefix_override:/usr/lib/python3/dist-packages/colcon_core/task/python/colcon_distutils_commands:/home/myat/hex_ws/install/hexapod_description/lib/python3.10/site-packages:${PYTHONPATH} /usr/bin/python3 -W ignore:setup.py install is deprecated -W ignore:easy_install command is deprecated setup.py egg_info --egg-base ../../build/hexapod_description build --build-base /home/myat/hex_ws/build/hexapod_description/build install --record /home/myat/hex_ws/build/hexapod_description/install.log --single-version-externally-managed install_data --force
[2.036s] running egg_info
[2.037s] writing ../../build/hexapod_description/hexapod_description.egg-info/PKG-INFO
[2.037s] writing dependency_links to ../../build/hexapod_description/hexapod_description.egg-info/dependency_links.txt
[2.037s] writing entry points to ../../build/hexapod_description/hexapod_description.egg-info/entry_points.txt
[2.037s] writing requirements to ../../build/hexapod_description/hexapod_description.egg-info/requires.txt
[2.037s] writing top-level names to ../../build/hexapod_description/hexapod_description.egg-info/top_level.txt
[2.039s] reading manifest file '../../build/hexapod_description/hexapod_description.egg-info/SOURCES.txt'
[2.040s] writing manifest file '../../build/hexapod_description/hexapod_description.egg-info/SOURCES.txt'
[2.040s] running build
[2.040s] running build_py
[2.040s] running install
[2.041s] running install_lib
[2.042s] creating /home/myat/hex_ws/install/hexapod_description/lib/python3.10/site-packages/hexapod_description
[2.042s] copying /home/myat/hex_ws/build/hexapod_description/build/lib/hexapod_description/__init__.py -> /home/myat/hex_ws/install/hexapod_description/lib/python3.10/site-packages/hexapod_description
[2.042s] byte-compiling /home/myat/hex_ws/install/hexapod_description/lib/python3.10/site-packages/hexapod_description/__init__.py to __init__.cpython-310.pyc
[2.042s] running install_data
[2.043s] copying resource/hexapod_description -> /home/myat/hex_ws/install/hexapod_description/share/ament_index/resource_index/packages
[2.043s] copying package.xml -> /home/myat/hex_ws/install/hexapod_description/share/hexapod_description
[2.043s] copying urdf/hexapod.urdf -> /home/myat/hex_ws/install/hexapod_description/share/hexapod_description/urdf
[2.043s] copying world/default.sdf -> /home/myat/hex_ws/install/hexapod_description/share/hexapod_description/world
[2.043s] copying config/controllers.yaml -> /home/myat/hex_ws/install/hexapod_description/share/hexapod_description/config
[2.044s] running install_egg_info
[2.045s] Copying ../../build/hexapod_description/hexapod_description.egg-info to /home/myat/hex_ws/install/hexapod_description/lib/python3.10/site-packages/hexapod_description-0.0.0-py3.10.egg-info
[2.046s] running install_scripts
[2.066s] writing list of installed files to '/home/myat/hex_ws/build/hexapod_description/install.log'
[2.108s] Invoked command in '/home/myat/hex_ws/src/hexapod_description' returned '0': PYTHONPATH=/home/myat/hex_ws/build/hexapod_description/prefix_override:/usr/lib/python3/dist-packages/colcon_core/task/python/colcon_distutils_commands:/home/myat/hex_ws/install/hexapod_description/lib/python3.10/site-packages:${PYTHONPATH} /usr/bin/python3 -W ignore:setup.py install is deprecated -W ignore:easy_install command is deprecated setup.py egg_info --egg-base ../../build/hexapod_description build --build-base /home/myat/hex_ws/build/hexapod_description/build install --record /home/myat/hex_ws/build/hexapod_description/install.log --single-version-externally-managed install_data --force
